mode: atomic
github.com/AINative-Studio/Go-SDK/examples/agent_swarm/main.go:13.13,16.18 2 0
github.com/AINative-Studio/Go-SDK/examples/agent_swarm/main.go:16.18,18.3 1 0
github.com/AINative-Studio/Go-SDK/examples/agent_swarm/main.go:20.2,24.16 2 0
github.com/AINative-Studio/Go-SDK/examples/agent_swarm/main.go:24.16,26.3 1 0
github.com/AINative-Studio/Go-SDK/examples/agent_swarm/main.go:28.2,40.16 4 0
github.com/AINative-Studio/Go-SDK/examples/agent_swarm/main.go:40.16,42.3 1 0
github.com/AINative-Studio/Go-SDK/examples/agent_swarm/main.go:44.2,50.16 5 0
github.com/AINative-Studio/Go-SDK/examples/agent_swarm/main.go:50.16,52.3 1 0
github.com/AINative-Studio/Go-SDK/examples/agent_swarm/main.go:54.2,55.39 2 0
github.com/AINative-Studio/Go-SDK/examples/agent_swarm/main.go:55.39,59.3 1 0
github.com/AINative-Studio/Go-SDK/examples/agent_swarm/main.go:62.2,108.16 3 0
github.com/AINative-Studio/Go-SDK/examples/agent_swarm/main.go:108.16,110.3 1 0
github.com/AINative-Studio/Go-SDK/examples/agent_swarm/main.go:112.2,125.16 8 0
github.com/AINative-Studio/Go-SDK/examples/agent_swarm/main.go:125.16,127.3 1 0
github.com/AINative-Studio/Go-SDK/examples/agent_swarm/main.go:127.8,130.44 3 0
github.com/AINative-Studio/Go-SDK/examples/agent_swarm/main.go:130.44,133.4 1 0
github.com/AINative-Studio/Go-SDK/examples/agent_swarm/main.go:135.3,135.33 1 0
github.com/AINative-Studio/Go-SDK/examples/agent_swarm/main.go:135.33,140.4 4 0
github.com/AINative-Studio/Go-SDK/examples/agent_swarm/main.go:144.2,157.16 3 0
github.com/AINative-Studio/Go-SDK/examples/agent_swarm/main.go:157.16,159.3 1 0
github.com/AINative-Studio/Go-SDK/examples/agent_swarm/main.go:159.8,162.3 2 0
github.com/AINative-Studio/Go-SDK/examples/agent_swarm/main.go:165.2,175.16 2 0
github.com/AINative-Studio/Go-SDK/examples/agent_swarm/main.go:175.16,177.3 1 0
github.com/AINative-Studio/Go-SDK/examples/agent_swarm/main.go:177.8,180.3 2 0
github.com/AINative-Studio/Go-SDK/examples/agent_swarm/main.go:183.2,192.16 2 0
github.com/AINative-Studio/Go-SDK/examples/agent_swarm/main.go:192.16,194.3 1 0
github.com/AINative-Studio/Go-SDK/examples/agent_swarm/main.go:194.8,197.3 2 0
github.com/AINative-Studio/Go-SDK/examples/agent_swarm/main.go:200.2,212.38 3 0
github.com/AINative-Studio/Go-SDK/examples/agent_swarm/main.go:212.38,215.30 2 0
github.com/AINative-Studio/Go-SDK/examples/agent_swarm/main.go:215.30,216.25 1 0
github.com/AINative-Studio/Go-SDK/examples/agent_swarm/main.go:216.25,217.13 1 0
github.com/AINative-Studio/Go-SDK/examples/agent_swarm/main.go:220.4,221.18 2 0
github.com/AINative-Studio/Go-SDK/examples/agent_swarm/main.go:221.18,223.13 2 0
github.com/AINative-Studio/Go-SDK/examples/agent_swarm/main.go:226.4,227.37 2 0
github.com/AINative-Studio/Go-SDK/examples/agent_swarm/main.go:227.37,230.5 2 0
github.com/AINative-Studio/Go-SDK/examples/agent_swarm/main.go:230.10,230.42 1 0
github.com/AINative-Studio/Go-SDK/examples/agent_swarm/main.go:230.42,233.5 2 0
github.com/AINative-Studio/Go-SDK/examples/agent_swarm/main.go:234.4,234.17 1 0
github.com/AINative-Studio/Go-SDK/examples/agent_swarm/main.go:237.3,237.16 1 0
github.com/AINative-Studio/Go-SDK/examples/agent_swarm/main.go:237.16,239.4 1 0
github.com/AINative-Studio/Go-SDK/examples/agent_swarm/main.go:243.2,246.16 3 0
github.com/AINative-Studio/Go-SDK/examples/agent_swarm/main.go:246.16,248.3 1 0
github.com/AINative-Studio/Go-SDK/examples/agent_swarm/main.go:248.8,257.35 8 0
github.com/AINative-Studio/Go-SDK/examples/agent_swarm/main.go:257.35,262.4 4 0
github.com/AINative-Studio/Go-SDK/examples/agent_swarm/main.go:266.2,272.16 3 0
github.com/AINative-Studio/Go-SDK/examples/agent_swarm/main.go:272.16,274.3 1 0
github.com/AINative-Studio/Go-SDK/examples/agent_swarm/main.go:274.8,276.38 2 0
github.com/AINative-Studio/Go-SDK/examples/agent_swarm/main.go:276.38,281.4 3 0
github.com/AINative-Studio/Go-SDK/examples/agent_swarm/main.go:285.2,287.16 3 0
github.com/AINative-Studio/Go-SDK/examples/agent_swarm/main.go:287.16,289.3 1 0
github.com/AINative-Studio/Go-SDK/examples/agent_swarm/main.go:289.8,296.17 5 0
github.com/AINative-Studio/Go-SDK/examples/agent_swarm/main.go:296.17,298.4 1 0
github.com/AINative-Studio/Go-SDK/examples/agent_swarm/main.go:298.9,300.4 1 0
github.com/AINative-Studio/Go-SDK/examples/agent_swarm/main.go:304.2,306.16 3 0
github.com/AINative-Studio/Go-SDK/examples/agent_swarm/main.go:306.16,308.3 1 0
github.com/AINative-Studio/Go-SDK/examples/agent_swarm/main.go:308.8,310.3 1 0
github.com/AINative-Studio/Go-SDK/examples/agent_swarm/main.go:312.2,314.16 3 0
github.com/AINative-Studio/Go-SDK/examples/agent_swarm/main.go:314.16,316.3 1 0
github.com/AINative-Studio/Go-SDK/examples/agent_swarm/main.go:316.8,318.3 1 0
github.com/AINative-Studio/Go-SDK/examples/agent_swarm/main.go:320.2,320.67 1 0
github.com/AINative-Studio/Go-SDK/examples/vectors/main.go:14.13,17.18 2 0
github.com/AINative-Studio/Go-SDK/examples/vectors/main.go:17.18,19.3 1 0
github.com/AINative-Studio/Go-SDK/examples/vectors/main.go:21.2,25.16 2 0
github.com/AINative-Studio/Go-SDK/examples/vectors/main.go:25.16,27.3 1 0
github.com/AINative-Studio/Go-SDK/examples/vectors/main.go:29.2,41.16 4 0
github.com/AINative-Studio/Go-SDK/examples/vectors/main.go:41.16,43.3 1 0
github.com/AINative-Studio/Go-SDK/examples/vectors/main.go:45.2,55.33 6 0
github.com/AINative-Studio/Go-SDK/examples/vectors/main.go:55.33,64.3 1 0
github.com/AINative-Studio/Go-SDK/examples/vectors/main.go:66.2,67.16 2 0
github.com/AINative-Studio/Go-SDK/examples/vectors/main.go:67.16,69.3 1 0
github.com/AINative-Studio/Go-SDK/examples/vectors/main.go:71.2,89.16 7 0
github.com/AINative-Studio/Go-SDK/examples/vectors/main.go:89.16,91.3 1 0
github.com/AINative-Studio/Go-SDK/examples/vectors/main.go:93.2,94.43 2 0
github.com/AINative-Studio/Go-SDK/examples/vectors/main.go:94.43,96.28 2 0
github.com/AINative-Studio/Go-SDK/examples/vectors/main.go:96.28,99.4 1 0
github.com/AINative-Studio/Go-SDK/examples/vectors/main.go:103.2,113.16 3 0
github.com/AINative-Studio/Go-SDK/examples/vectors/main.go:113.16,115.3 1 0
github.com/AINative-Studio/Go-SDK/examples/vectors/main.go:115.8,117.52 2 0
github.com/AINative-Studio/Go-SDK/examples/vectors/main.go:117.52,120.4 1 0
github.com/AINative-Studio/Go-SDK/examples/vectors/main.go:124.2,130.38 4 0
github.com/AINative-Studio/Go-SDK/examples/vectors/main.go:130.38,141.3 1 0
github.com/AINative-Studio/Go-SDK/examples/vectors/main.go:143.2,144.16 2 0
github.com/AINative-Studio/Go-SDK/examples/vectors/main.go:144.16,146.3 1 0
github.com/AINative-Studio/Go-SDK/examples/vectors/main.go:146.8,149.3 1 0
github.com/AINative-Studio/Go-SDK/examples/vectors/main.go:152.2,156.31 3 0
github.com/AINative-Studio/Go-SDK/examples/vectors/main.go:156.31,158.3 1 0
github.com/AINative-Studio/Go-SDK/examples/vectors/main.go:161.2,163.38 2 0
github.com/AINative-Studio/Go-SDK/examples/vectors/main.go:163.38,164.42 1 0
github.com/AINative-Studio/Go-SDK/examples/vectors/main.go:164.42,171.4 2 0
github.com/AINative-Studio/Go-SDK/examples/vectors/main.go:175.2,175.42 1 0
github.com/AINative-Studio/Go-SDK/examples/vectors/main.go:175.42,177.24 2 0
github.com/AINative-Studio/Go-SDK/examples/vectors/main.go:177.24,179.4 1 0
github.com/AINative-Studio/Go-SDK/examples/vectors/main.go:179.9,183.4 1 0
github.com/AINative-Studio/Go-SDK/examples/vectors/main.go:187.2,192.35 4 0
github.com/AINative-Studio/Go-SDK/examples/vectors/main.go:192.35,199.17 3 0
github.com/AINative-Studio/Go-SDK/examples/vectors/main.go:199.17,201.4 1 0
github.com/AINative-Studio/Go-SDK/examples/vectors/main.go:204.2,213.16 6 0
github.com/AINative-Studio/Go-SDK/examples/vectors/main.go:213.16,215.3 1 0
github.com/AINative-Studio/Go-SDK/examples/vectors/main.go:215.8,217.3 1 0
github.com/AINative-Studio/Go-SDK/examples/vectors/main.go:219.2,219.73 1 0
github.com/AINative-Studio/Go-SDK/examples/vectors/main.go:230.63,233.25 2 0
github.com/AINative-Studio/Go-SDK/examples/vectors/main.go:233.25,235.3 1 0
github.com/AINative-Studio/Go-SDK/examples/vectors/main.go:237.2,237.16 1 0
github.com/AINative-Studio/Go-SDK/examples/vectors/main.go:240.53,243.24 2 0
github.com/AINative-Studio/Go-SDK/examples/vectors/main.go:243.24,245.3 1 0
github.com/AINative-Studio/Go-SDK/examples/vectors/main.go:248.2,249.27 2 0
github.com/AINative-Studio/Go-SDK/examples/vectors/main.go:249.27,251.3 1 0
github.com/AINative-Studio/Go-SDK/examples/vectors/main.go:252.2,254.24 2 0
github.com/AINative-Studio/Go-SDK/examples/vectors/main.go:254.24,256.3 1 0
github.com/AINative-Studio/Go-SDK/examples/vectors/main.go:258.2,258.15 1 0
github.com/AINative-Studio/Go-SDK/examples/vectors/main.go:261.64,262.23 1 0
github.com/AINative-Studio/Go-SDK/examples/vectors/main.go:262.23,264.3 1 0
github.com/AINative-Studio/Go-SDK/examples/vectors/main.go:266.2,267.36 2 0
github.com/AINative-Studio/Go-SDK/examples/vectors/main.go:267.36,268.30 1 0
github.com/AINative-Studio/Go-SDK/examples/vectors/main.go:268.30,270.4 1 0
github.com/AINative-Studio/Go-SDK/examples/vectors/main.go:273.2,273.13 1 0
github.com/AINative-Studio/Go-SDK/examples/basic/main.go:12.13,15.18 2 0
github.com/AINative-Studio/Go-SDK/examples/basic/main.go:15.18,17.3 1 0
github.com/AINative-Studio/Go-SDK/examples/basic/main.go:19.2,24.16 2 0
github.com/AINative-Studio/Go-SDK/examples/basic/main.go:24.16,26.3 1 0
github.com/AINative-Studio/Go-SDK/examples/basic/main.go:28.2,33.16 4 0
github.com/AINative-Studio/Go-SDK/examples/basic/main.go:33.16,35.3 1 0
github.com/AINative-Studio/Go-SDK/examples/basic/main.go:35.8,37.3 1 0
github.com/AINative-Studio/Go-SDK/examples/basic/main.go:40.2,42.16 3 0
github.com/AINative-Studio/Go-SDK/examples/basic/main.go:42.16,44.3 1 0
github.com/AINative-Studio/Go-SDK/examples/basic/main.go:44.8,48.3 3 0
github.com/AINative-Studio/Go-SDK/examples/basic/main.go:51.2,55.16 3 0
github.com/AINative-Studio/Go-SDK/examples/basic/main.go:55.16,57.3 1 0
github.com/AINative-Studio/Go-SDK/examples/basic/main.go:57.8,59.45 2 0
github.com/AINative-Studio/Go-SDK/examples/basic/main.go:59.45,62.33 2 0
github.com/AINative-Studio/Go-SDK/examples/basic/main.go:62.33,64.5 1 0
github.com/AINative-Studio/Go-SDK/examples/basic/main.go:69.2,79.16 3 0
github.com/AINative-Studio/Go-SDK/examples/basic/main.go:79.16,81.3 1 0
github.com/AINative-Studio/Go-SDK/examples/basic/main.go:81.8,93.17 5 0
github.com/AINative-Studio/Go-SDK/examples/basic/main.go:93.17,95.4 1 0
github.com/AINative-Studio/Go-SDK/examples/basic/main.go:95.9,97.4 1 0
github.com/AINative-Studio/Go-SDK/examples/basic/main.go:100.3,102.17 3 0
github.com/AINative-Studio/Go-SDK/examples/basic/main.go:102.17,104.4 1 0
github.com/AINative-Studio/Go-SDK/examples/basic/main.go:104.9,106.47 2 0
github.com/AINative-Studio/Go-SDK/examples/basic/main.go:106.47,108.5 1 0
github.com/AINative-Studio/Go-SDK/examples/basic/main.go:112.3,114.17 3 0
github.com/AINative-Studio/Go-SDK/examples/basic/main.go:114.17,116.4 1 0
github.com/AINative-Studio/Go-SDK/examples/basic/main.go:116.9,118.4 1 0
github.com/AINative-Studio/Go-SDK/examples/basic/main.go:121.3,123.17 3 0
github.com/AINative-Studio/Go-SDK/examples/basic/main.go:123.17,125.4 1 0
github.com/AINative-Studio/Go-SDK/examples/basic/main.go:125.9,127.4 1 0
github.com/AINative-Studio/Go-SDK/examples/basic/main.go:130.2,130.61 1 0
github.com/AINative-Studio/Go-SDK/examples/embeddings/main.go:12.13,15.18 2 0
github.com/AINative-Studio/Go-SDK/examples/embeddings/main.go:15.18,17.3 1 0
github.com/AINative-Studio/Go-SDK/examples/embeddings/main.go:20.2,26.16 3 0
github.com/AINative-Studio/Go-SDK/examples/embeddings/main.go:26.16,28.3 1 0
github.com/AINative-Studio/Go-SDK/examples/embeddings/main.go:30.2,50.21 11 0
github.com/AINative-Studio/Go-SDK/examples/embeddings/main.go:50.21,56.3 4 0
github.com/AINative-Studio/Go-SDK/examples/embeddings/main.go:56.8,59.3 2 0
github.com/AINative-Studio/Go-SDK/examples/embeddings/main.go:62.68,70.16 3 0
github.com/AINative-Studio/Go-SDK/examples/embeddings/main.go:70.16,73.3 2 0
github.com/AINative-Studio/Go-SDK/examples/embeddings/main.go:75.2,82.61 6 0
github.com/AINative-Studio/Go-SDK/examples/embeddings/main.go:82.61,84.57 2 0
github.com/AINative-Studio/Go-SDK/examples/embeddings/main.go:84.57,85.13 1 0
github.com/AINative-Studio/Go-SDK/examples/embeddings/main.go:85.13,87.5 1 0
github.com/AINative-Studio/Go-SDK/examples/embeddings/main.go:88.4,88.45 1 0
github.com/AINative-Studio/Go-SDK/examples/embeddings/main.go:90.3,90.22 1 0
github.com/AINative-Studio/Go-SDK/examples/embeddings/main.go:94.70,96.16 2 0
github.com/AINative-Studio/Go-SDK/examples/embeddings/main.go:96.16,99.3 2 0
github.com/AINative-Studio/Go-SDK/examples/embeddings/main.go:101.2,102.31 2 0
github.com/AINative-Studio/Go-SDK/examples/embeddings/main.go:102.31,109.3 6 0
github.com/AINative-Studio/Go-SDK/examples/embeddings/main.go:112.71,114.16 2 0
github.com/AINative-Studio/Go-SDK/examples/embeddings/main.go:114.16,117.3 2 0
github.com/AINative-Studio/Go-SDK/examples/embeddings/main.go:119.2,123.67 4 0
github.com/AINative-Studio/Go-SDK/examples/embeddings/main.go:123.67,125.3 1 0
github.com/AINative-Studio/Go-SDK/examples/embeddings/main.go:127.2,127.75 1 0
github.com/AINative-Studio/Go-SDK/examples/embeddings/main.go:127.75,129.3 1 0
github.com/AINative-Studio/Go-SDK/examples/embeddings/main.go:132.68,134.16 2 0
github.com/AINative-Studio/Go-SDK/examples/embeddings/main.go:134.16,137.3 2 0
github.com/AINative-Studio/Go-SDK/examples/embeddings/main.go:139.2,145.44 7 0
github.com/AINative-Studio/Go-SDK/examples/embeddings/main.go:148.91,173.16 4 0
github.com/AINative-Studio/Go-SDK/examples/embeddings/main.go:173.16,176.3 2 0
github.com/AINative-Studio/Go-SDK/examples/embeddings/main.go:178.2,184.65 7 0
github.com/AINative-Studio/Go-SDK/examples/embeddings/main.go:187.92,204.16 4 0
github.com/AINative-Studio/Go-SDK/examples/embeddings/main.go:204.16,207.3 2 0
github.com/AINative-Studio/Go-SDK/examples/embeddings/main.go:209.2,215.38 6 0
github.com/AINative-Studio/Go-SDK/examples/embeddings/main.go:215.38,217.31 2 0
github.com/AINative-Studio/Go-SDK/examples/embeddings/main.go:217.31,219.4 1 0
github.com/AINative-Studio/Go-SDK/ainative/agent_coordination.go:14.76,18.2 1 92
github.com/AINative-Studio/Go-SDK/ainative/agent_coordination.go:98.124,99.16 1 5
github.com/AINative-Studio/Go-SDK/ainative/agent_coordination.go:99.16,101.3 1 1
github.com/AINative-Studio/Go-SDK/ainative/agent_coordination.go:103.2,103.25 1 4
github.com/AINative-Studio/Go-SDK/ainative/agent_coordination.go:103.25,105.3 1 1
github.com/AINative-Studio/Go-SDK/ainative/agent_coordination.go:107.2,107.23 1 3
github.com/AINative-Studio/Go-SDK/ainative/agent_coordination.go:107.23,109.3 1 1
github.com/AINative-Studio/Go-SDK/ainative/agent_coordination.go:111.2,111.23 1 2
github.com/AINative-Studio/Go-SDK/ainative/agent_coordination.go:111.23,113.3 1 1
github.com/AINative-Studio/Go-SDK/ainative/agent_coordination.go:115.2,118.16 3 1
github.com/AINative-Studio/Go-SDK/ainative/agent_coordination.go:118.16,120.3 1 0
github.com/AINative-Studio/Go-SDK/ainative/agent_coordination.go:122.2,122.21 1 1
github.com/AINative-Studio/Go-SDK/ainative/agent_coordination.go:126.136,127.16 1 3
github.com/AINative-Studio/Go-SDK/ainative/agent_coordination.go:127.16,129.3 1 1
github.com/AINative-Studio/Go-SDK/ainative/agent_coordination.go:131.2,131.25 1 2
github.com/AINative-Studio/Go-SDK/ainative/agent_coordination.go:131.25,133.3 1 1
github.com/AINative-Studio/Go-SDK/ainative/agent_coordination.go:136.2,136.24 1 1
github.com/AINative-Studio/Go-SDK/ainative/agent_coordination.go:136.24,138.3 1 0
github.com/AINative-Studio/Go-SDK/ainative/agent_coordination.go:140.2,143.16 3 1
github.com/AINative-Studio/Go-SDK/ainative/agent_coordination.go:143.16,145.3 1 0
github.com/AINative-Studio/Go-SDK/ainative/agent_coordination.go:147.2,147.21 1 1
github.com/AINative-Studio/Go-SDK/ainative/agent_coordination.go:151.139,161.16 4 1
github.com/AINative-Studio/Go-SDK/ainative/agent_coordination.go:161.16,163.3 1 0
github.com/AINative-Studio/Go-SDK/ainative/agent_coordination.go:165.2,165.21 1 1
github.com/AINative-Studio/Go-SDK/ainative/agent_learning.go:15.68,19.2 1 92
github.com/AINative-Studio/Go-SDK/ainative/agent_learning.go:100.129,101.16 1 5
github.com/AINative-Studio/Go-SDK/ainative/agent_learning.go:101.16,103.3 1 1
github.com/AINative-Studio/Go-SDK/ainative/agent_learning.go:105.2,105.23 1 4
github.com/AINative-Studio/Go-SDK/ainative/agent_learning.go:105.23,107.3 1 1
github.com/AINative-Studio/Go-SDK/ainative/agent_learning.go:109.2,109.42 1 3
github.com/AINative-Studio/Go-SDK/ainative/agent_learning.go:109.42,111.3 1 2
github.com/AINative-Studio/Go-SDK/ainative/agent_learning.go:113.2,116.16 3 1
github.com/AINative-Studio/Go-SDK/ainative/agent_learning.go:116.16,118.3 1 0
github.com/AINative-Studio/Go-SDK/ainative/agent_learning.go:120.2,120.21 1 1
github.com/AINative-Studio/Go-SDK/ainative/agent_learning.go:124.150,125.16 1 3
github.com/AINative-Studio/Go-SDK/ainative/agent_learning.go:125.16,127.3 1 1
github.com/AINative-Studio/Go-SDK/ainative/agent_learning.go:129.2,129.23 1 2
github.com/AINative-Studio/Go-SDK/ainative/agent_learning.go:129.23,131.3 1 1
github.com/AINative-Studio/Go-SDK/ainative/agent_learning.go:133.2,135.22 2 1
github.com/AINative-Studio/Go-SDK/ainative/agent_learning.go:135.22,137.3 1 1
github.com/AINative-Studio/Go-SDK/ainative/agent_learning.go:139.2,142.16 3 1
github.com/AINative-Studio/Go-SDK/ainative/agent_learning.go:142.16,144.3 1 0
github.com/AINative-Studio/Go-SDK/ainative/agent_learning.go:146.2,146.21 1 1
github.com/AINative-Studio/Go-SDK/ainative/agent_learning.go:150.126,151.16 1 3
github.com/AINative-Studio/Go-SDK/ainative/agent_learning.go:151.16,153.3 1 1
github.com/AINative-Studio/Go-SDK/ainative/agent_learning.go:155.2,155.25 1 2
github.com/AINative-Studio/Go-SDK/ainative/agent_learning.go:155.25,157.3 1 1
github.com/AINative-Studio/Go-SDK/ainative/agent_learning.go:160.2,160.22 1 1
github.com/AINative-Studio/Go-SDK/ainative/agent_learning.go:160.22,162.3 1 0
github.com/AINative-Studio/Go-SDK/ainative/agent_learning.go:164.2,167.16 3 1
github.com/AINative-Studio/Go-SDK/ainative/agent_learning.go:167.16,169.3 1 0
github.com/AINative-Studio/Go-SDK/ainative/agent_learning.go:171.2,171.21 1 1
github.com/AINative-Studio/Go-SDK/ainative/agent_orchestration.go:15.78,19.2 1 92
github.com/AINative-Studio/Go-SDK/ainative/agent_orchestration.go:111.122,112.16 1 5
github.com/AINative-Studio/Go-SDK/ainative/agent_orchestration.go:112.16,114.3 1 1
github.com/AINative-Studio/Go-SDK/ainative/agent_orchestration.go:116.2,116.23 1 4
github.com/AINative-Studio/Go-SDK/ainative/agent_orchestration.go:116.23,118.3 1 1
github.com/AINative-Studio/Go-SDK/ainative/agent_orchestration.go:120.2,120.24 1 3
github.com/AINative-Studio/Go-SDK/ainative/agent_orchestration.go:120.24,122.3 1 1
github.com/AINative-Studio/Go-SDK/ainative/agent_orchestration.go:124.2,124.27 1 2
github.com/AINative-Studio/Go-SDK/ainative/agent_orchestration.go:124.27,126.3 1 1
github.com/AINative-Studio/Go-SDK/ainative/agent_orchestration.go:128.2,131.16 3 1
github.com/AINative-Studio/Go-SDK/ainative/agent_orchestration.go:131.16,133.3 1 0
github.com/AINative-Studio/Go-SDK/ainative/agent_orchestration.go:135.2,135.21 1 1
github.com/AINative-Studio/Go-SDK/ainative/agent_orchestration.go:139.119,140.16 1 1
github.com/AINative-Studio/Go-SDK/ainative/agent_orchestration.go:140.16,142.3 1 0
github.com/AINative-Studio/Go-SDK/ainative/agent_orchestration.go:144.2,144.20 1 1
github.com/AINative-Studio/Go-SDK/ainative/agent_orchestration.go:144.20,146.3 1 0
github.com/AINative-Studio/Go-SDK/ainative/agent_orchestration.go:148.2,150.23 2 1
github.com/AINative-Studio/Go-SDK/ainative/agent_orchestration.go:150.23,152.3 1 1
github.com/AINative-Studio/Go-SDK/ainative/agent_orchestration.go:154.2,154.22 1 1
github.com/AINative-Studio/Go-SDK/ainative/agent_orchestration.go:154.22,156.3 1 1
github.com/AINative-Studio/Go-SDK/ainative/agent_orchestration.go:158.2,161.16 3 1
github.com/AINative-Studio/Go-SDK/ainative/agent_orchestration.go:161.16,163.3 1 0
github.com/AINative-Studio/Go-SDK/ainative/agent_orchestration.go:165.2,165.21 1 1
github.com/AINative-Studio/Go-SDK/ainative/agent_orchestration.go:169.116,170.18 1 2
github.com/AINative-Studio/Go-SDK/ainative/agent_orchestration.go:170.18,172.3 1 1
github.com/AINative-Studio/Go-SDK/ainative/agent_orchestration.go:174.2,179.16 4 1
github.com/AINative-Studio/Go-SDK/ainative/agent_orchestration.go:179.16,181.3 1 0
github.com/AINative-Studio/Go-SDK/ainative/agent_orchestration.go:183.2,183.21 1 1
github.com/AINative-Studio/Go-SDK/ainative/agent_orchestration.go:187.125,188.16 1 3
github.com/AINative-Studio/Go-SDK/ainative/agent_orchestration.go:188.16,190.3 1 1
github.com/AINative-Studio/Go-SDK/ainative/agent_orchestration.go:192.2,192.22 1 2
github.com/AINative-Studio/Go-SDK/ainative/agent_orchestration.go:192.22,194.3 1 1
github.com/AINative-Studio/Go-SDK/ainative/agent_orchestration.go:196.2,205.16 5 1
github.com/AINative-Studio/Go-SDK/ainative/agent_orchestration.go:205.16,207.3 1 0
github.com/AINative-Studio/Go-SDK/ainative/agent_orchestration.go:209.2,209.21 1 1
github.com/AINative-Studio/Go-SDK/ainative/agent_orchestration.go:213.146,214.16 1 4
github.com/AINative-Studio/Go-SDK/ainative/agent_orchestration.go:214.16,216.3 1 1
github.com/AINative-Studio/Go-SDK/ainative/agent_orchestration.go:218.2,218.20 1 3
github.com/AINative-Studio/Go-SDK/ainative/agent_orchestration.go:218.20,220.3 1 1
github.com/AINative-Studio/Go-SDK/ainative/agent_orchestration.go:222.2,222.25 1 2
github.com/AINative-Studio/Go-SDK/ainative/agent_orchestration.go:222.25,224.3 1 1
github.com/AINative-Studio/Go-SDK/ainative/agent_orchestration.go:226.2,229.16 3 1
github.com/AINative-Studio/Go-SDK/ainative/agent_orchestration.go:229.16,231.3 1 0
github.com/AINative-Studio/Go-SDK/ainative/agent_orchestration.go:233.2,233.21 1 1
github.com/AINative-Studio/Go-SDK/ainative/agent_state.go:15.62,19.2 1 92
github.com/AINative-Studio/Go-SDK/ainative/agent_state.go:102.108,103.16 1 3
github.com/AINative-Studio/Go-SDK/ainative/agent_state.go:103.16,105.3 1 1
github.com/AINative-Studio/Go-SDK/ainative/agent_state.go:107.2,107.23 1 2
github.com/AINative-Studio/Go-SDK/ainative/agent_state.go:107.23,109.3 1 1
github.com/AINative-Studio/Go-SDK/ainative/agent_state.go:111.2,113.21 2 1
github.com/AINative-Studio/Go-SDK/ainative/agent_state.go:113.21,115.3 1 1
github.com/AINative-Studio/Go-SDK/ainative/agent_state.go:117.2,120.16 3 1
github.com/AINative-Studio/Go-SDK/ainative/agent_state.go:120.16,122.3 1 0
github.com/AINative-Studio/Go-SDK/ainative/agent_state.go:124.2,124.21 1 1
github.com/AINative-Studio/Go-SDK/ainative/agent_state.go:128.132,129.16 1 5
github.com/AINative-Studio/Go-SDK/ainative/agent_state.go:129.16,131.3 1 1
github.com/AINative-Studio/Go-SDK/ainative/agent_state.go:133.2,133.23 1 4
github.com/AINative-Studio/Go-SDK/ainative/agent_state.go:133.23,135.3 1 1
github.com/AINative-Studio/Go-SDK/ainative/agent_state.go:137.2,137.20 1 3
github.com/AINative-Studio/Go-SDK/ainative/agent_state.go:137.20,139.3 1 1
github.com/AINative-Studio/Go-SDK/ainative/agent_state.go:141.2,141.21 1 2
github.com/AINative-Studio/Go-SDK/ainative/agent_state.go:141.21,143.3 1 1
github.com/AINative-Studio/Go-SDK/ainative/agent_state.go:145.2,148.16 3 1
github.com/AINative-Studio/Go-SDK/ainative/agent_state.go:148.16,150.3 1 0
github.com/AINative-Studio/Go-SDK/ainative/agent_state.go:152.2,152.21 1 1
github.com/AINative-Studio/Go-SDK/ainative/agent_state.go:156.135,157.16 1 4
github.com/AINative-Studio/Go-SDK/ainative/agent_state.go:157.16,159.3 1 1
github.com/AINative-Studio/Go-SDK/ainative/agent_state.go:161.2,161.28 1 3
github.com/AINative-Studio/Go-SDK/ainative/agent_state.go:161.28,163.3 1 1
github.com/AINative-Studio/Go-SDK/ainative/agent_state.go:165.2,165.23 1 2
github.com/AINative-Studio/Go-SDK/ainative/agent_state.go:165.23,167.3 1 1
github.com/AINative-Studio/Go-SDK/ainative/agent_state.go:169.2,172.16 3 1
github.com/AINative-Studio/Go-SDK/ainative/agent_state.go:172.16,174.3 1 0
github.com/AINative-Studio/Go-SDK/ainative/agent_state.go:176.2,176.21 1 1
github.com/AINative-Studio/Go-SDK/ainative/agent_state.go:180.129,181.16 1 1
github.com/AINative-Studio/Go-SDK/ainative/agent_state.go:181.16,183.3 1 0
github.com/AINative-Studio/Go-SDK/ainative/agent_state.go:185.2,185.20 1 1
github.com/AINative-Studio/Go-SDK/ainative/agent_state.go:185.20,187.3 1 0
github.com/AINative-Studio/Go-SDK/ainative/agent_state.go:189.2,191.23 2 1
github.com/AINative-Studio/Go-SDK/ainative/agent_state.go:191.23,193.3 1 1
github.com/AINative-Studio/Go-SDK/ainative/agent_state.go:195.2,198.16 3 1
github.com/AINative-Studio/Go-SDK/ainative/agent_state.go:198.16,200.3 1 0
github.com/AINative-Studio/Go-SDK/ainative/agent_state.go:202.2,202.21 1 1
github.com/AINative-Studio/Go-SDK/ainative/agent_swarm.go:15.62,19.2 1 92
github.com/AINative-Studio/Go-SDK/ainative/agent_swarm.go:219.101,220.16 1 5
github.com/AINative-Studio/Go-SDK/ainative/agent_swarm.go:220.16,222.3 1 1
github.com/AINative-Studio/Go-SDK/ainative/agent_swarm.go:224.2,224.25 1 4
github.com/AINative-Studio/Go-SDK/ainative/agent_swarm.go:224.25,226.3 1 1
github.com/AINative-Studio/Go-SDK/ainative/agent_swarm.go:228.2,228.25 1 3
github.com/AINative-Studio/Go-SDK/ainative/agent_swarm.go:228.25,230.3 1 1
github.com/AINative-Studio/Go-SDK/ainative/agent_swarm.go:232.2,232.26 1 2
github.com/AINative-Studio/Go-SDK/ainative/agent_swarm.go:232.26,234.3 1 1
github.com/AINative-Studio/Go-SDK/ainative/agent_swarm.go:236.2,239.16 3 1
github.com/AINative-Studio/Go-SDK/ainative/agent_swarm.go:239.16,241.3 1 0
github.com/AINative-Studio/Go-SDK/ainative/agent_swarm.go:243.2,243.21 1 1
github.com/AINative-Studio/Go-SDK/ainative/agent_swarm.go:247.91,248.19 1 2
github.com/AINative-Studio/Go-SDK/ainative/agent_swarm.go:248.19,250.3 1 1
github.com/AINative-Studio/Go-SDK/ainative/agent_swarm.go:252.2,257.16 4 1
github.com/AINative-Studio/Go-SDK/ainative/agent_swarm.go:257.16,259.3 1 0
github.com/AINative-Studio/Go-SDK/ainative/agent_swarm.go:261.2,261.21 1 1
github.com/AINative-Studio/Go-SDK/ainative/agent_swarm.go:265.108,266.16 1 1
github.com/AINative-Studio/Go-SDK/ainative/agent_swarm.go:266.16,268.3 1 0
github.com/AINative-Studio/Go-SDK/ainative/agent_swarm.go:270.2,270.20 1 1
github.com/AINative-Studio/Go-SDK/ainative/agent_swarm.go:270.20,272.3 1 0
github.com/AINative-Studio/Go-SDK/ainative/agent_swarm.go:274.2,276.25 2 1
github.com/AINative-Studio/Go-SDK/ainative/agent_swarm.go:276.25,278.3 1 1
github.com/AINative-Studio/Go-SDK/ainative/agent_swarm.go:280.2,280.22 1 1
github.com/AINative-Studio/Go-SDK/ainative/agent_swarm.go:280.22,282.3 1 0
github.com/AINative-Studio/Go-SDK/ainative/agent_swarm.go:284.2,287.16 3 1
github.com/AINative-Studio/Go-SDK/ainative/agent_swarm.go:287.16,289.3 1 0
github.com/AINative-Studio/Go-SDK/ainative/agent_swarm.go:291.2,291.21 1 1
github.com/AINative-Studio/Go-SDK/ainative/agent_swarm.go:295.77,296.19 1 1
github.com/AINative-Studio/Go-SDK/ainative/agent_swarm.go:296.19,298.3 1 0
github.com/AINative-Studio/Go-SDK/ainative/agent_swarm.go:300.2,302.58 2 1
github.com/AINative-Studio/Go-SDK/ainative/agent_swarm.go:306.78,307.19 1 1
github.com/AINative-Studio/Go-SDK/ainative/agent_swarm.go:307.19,309.3 1 0
github.com/AINative-Studio/Go-SDK/ainative/agent_swarm.go:311.2,313.58 2 1
github.com/AINative-Studio/Go-SDK/ainative/agent_swarm.go:317.79,318.19 1 1
github.com/AINative-Studio/Go-SDK/ainative/agent_swarm.go:318.19,320.3 1 0
github.com/AINative-Studio/Go-SDK/ainative/agent_swarm.go:322.2,324.58 2 1
github.com/AINative-Studio/Go-SDK/ainative/agent_swarm.go:328.121,329.16 1 2
github.com/AINative-Studio/Go-SDK/ainative/agent_swarm.go:329.16,331.3 1 0
github.com/AINative-Studio/Go-SDK/ainative/agent_swarm.go:333.2,333.23 1 2
github.com/AINative-Studio/Go-SDK/ainative/agent_swarm.go:333.23,335.3 1 1
github.com/AINative-Studio/Go-SDK/ainative/agent_swarm.go:337.2,337.20 1 1
github.com/AINative-Studio/Go-SDK/ainative/agent_swarm.go:337.20,339.3 1 0
github.com/AINative-Studio/Go-SDK/ainative/agent_swarm.go:341.2,341.24 1 1
github.com/AINative-Studio/Go-SDK/ainative/agent_swarm.go:341.24,343.3 1 0
github.com/AINative-Studio/Go-SDK/ainative/agent_swarm.go:345.2,348.16 3 1
github.com/AINative-Studio/Go-SDK/ainative/agent_swarm.go:348.16,350.3 1 0
github.com/AINative-Studio/Go-SDK/ainative/agent_swarm.go:352.2,352.21 1 1
github.com/AINative-Studio/Go-SDK/ainative/agent_swarm.go:356.101,357.18 1 2
github.com/AINative-Studio/Go-SDK/ainative/agent_swarm.go:357.18,359.3 1 1
github.com/AINative-Studio/Go-SDK/ainative/agent_swarm.go:361.2,366.16 4 1
github.com/AINative-Studio/Go-SDK/ainative/agent_swarm.go:366.16,368.3 1 0
github.com/AINative-Studio/Go-SDK/ainative/agent_swarm.go:370.2,370.21 1 1
github.com/AINative-Studio/Go-SDK/ainative/agent_swarm.go:403.90,409.16 3 3
github.com/AINative-Studio/Go-SDK/ainative/agent_swarm.go:409.16,411.3 1 1
github.com/AINative-Studio/Go-SDK/ainative/agent_swarm.go:413.2,413.30 1 2
github.com/AINative-Studio/Go-SDK/ainative/agent_swarm.go:413.30,415.3 1 0
github.com/AINative-Studio/Go-SDK/ainative/agent_swarm.go:417.2,417.31 1 2
github.com/AINative-Studio/Go-SDK/ainative/agent_swarm.go:423.90,425.16 2 1
github.com/AINative-Studio/Go-SDK/ainative/agent_swarm.go:425.16,427.3 1 0
github.com/AINative-Studio/Go-SDK/ainative/agent_swarm.go:429.2,430.26 2 1
github.com/AINative-Studio/Go-SDK/ainative/agent_swarm.go:430.26,432.3 1 3
github.com/AINative-Studio/Go-SDK/ainative/agent_swarm.go:434.2,434.19 1 1
github.com/AINative-Studio/Go-SDK/ainative/agent_swarm.go:438.105,439.19 1 1
github.com/AINative-Studio/Go-SDK/ainative/agent_swarm.go:439.19,441.3 1 0
github.com/AINative-Studio/Go-SDK/ainative/agent_swarm.go:443.2,448.16 4 1
github.com/AINative-Studio/Go-SDK/ainative/agent_swarm.go:448.16,450.3 1 0
github.com/AINative-Studio/Go-SDK/ainative/agent_swarm.go:452.2,452.21 1 1
github.com/AINative-Studio/Go-SDK/ainative/auth.go:19.50,23.2 1 92
github.com/AINative-Studio/Go-SDK/ainative/auth.go:89.93,90.16 1 4
github.com/AINative-Studio/Go-SDK/ainative/auth.go:90.16,92.3 1 1
github.com/AINative-Studio/Go-SDK/ainative/auth.go:94.2,94.24 1 3
github.com/AINative-Studio/Go-SDK/ainative/auth.go:94.24,96.3 1 1
github.com/AINative-Studio/Go-SDK/ainative/auth.go:98.2,98.24 1 2
github.com/AINative-Studio/Go-SDK/ainative/auth.go:98.24,100.3 1 1
github.com/AINative-Studio/Go-SDK/ainative/auth.go:102.2,105.16 3 1
github.com/AINative-Studio/Go-SDK/ainative/auth.go:105.16,107.3 1 0
github.com/AINative-Studio/Go-SDK/ainative/auth.go:110.2,112.21 2 1
github.com/AINative-Studio/Go-SDK/ainative/auth.go:116.107,117.16 1 3
github.com/AINative-Studio/Go-SDK/ainative/auth.go:117.16,119.3 1 1
github.com/AINative-Studio/Go-SDK/ainative/auth.go:121.2,121.28 1 2
github.com/AINative-Studio/Go-SDK/ainative/auth.go:121.28,123.3 1 1
github.com/AINative-Studio/Go-SDK/ainative/auth.go:125.2,128.16 3 1
github.com/AINative-Studio/Go-SDK/ainative/auth.go:128.16,130.3 1 0
github.com/AINative-Studio/Go-SDK/ainative/auth.go:133.2,135.21 2 1
github.com/AINative-Studio/Go-SDK/ainative/auth.go:139.75,143.16 3 1
github.com/AINative-Studio/Go-SDK/ainative/auth.go:143.16,145.3 1 0
github.com/AINative-Studio/Go-SDK/ainative/auth.go:147.2,147.21 1 1
github.com/AINative-Studio/Go-SDK/ainative/auth.go:151.78,157.16 3 1
github.com/AINative-Studio/Go-SDK/ainative/auth.go:157.16,159.3 1 0
github.com/AINative-Studio/Go-SDK/ainative/auth.go:161.2,161.28 1 1
github.com/AINative-Studio/Go-SDK/ainative/auth.go:165.114,166.16 1 3
github.com/AINative-Studio/Go-SDK/ainative/auth.go:166.16,168.3 1 1
github.com/AINative-Studio/Go-SDK/ainative/auth.go:170.2,170.20 1 2
github.com/AINative-Studio/Go-SDK/ainative/auth.go:170.20,172.3 1 1
github.com/AINative-Studio/Go-SDK/ainative/auth.go:174.2,177.16 3 1
github.com/AINative-Studio/Go-SDK/ainative/auth.go:177.16,179.3 1 0
github.com/AINative-Studio/Go-SDK/ainative/auth.go:181.2,181.21 1 1
github.com/AINative-Studio/Go-SDK/ainative/auth.go:185.77,186.17 1 2
github.com/AINative-Studio/Go-SDK/ainative/auth.go:186.17,188.3 1 1
github.com/AINative-Studio/Go-SDK/ainative/auth.go:190.2,192.60 2 1
github.com/AINative-Studio/Go-SDK/ainative/auth.go:196.93,197.17 1 2
github.com/AINative-Studio/Go-SDK/ainative/auth.go:197.17,199.3 1 1
github.com/AINative-Studio/Go-SDK/ainative/auth.go:201.2,206.16 4 1
github.com/AINative-Studio/Go-SDK/ainative/auth.go:206.16,208.3 1 0
github.com/AINative-Studio/Go-SDK/ainative/auth.go:210.2,210.21 1 1
github.com/AINative-Studio/Go-SDK/ainative/auth.go:214.91,215.17 1 2
github.com/AINative-Studio/Go-SDK/ainative/auth.go:215.17,217.3 1 1
github.com/AINative-Studio/Go-SDK/ainative/auth.go:219.2,226.16 4 1
github.com/AINative-Studio/Go-SDK/ainative/auth.go:226.16,228.3 1 0
github.com/AINative-Studio/Go-SDK/ainative/auth.go:230.2,230.21 1 1
github.com/AINative-Studio/Go-SDK/ainative/auth.go:234.57,236.2 1 1
github.com/AINative-Studio/Go-SDK/ainative/auth.go:249.59,251.16 2 5
github.com/AINative-Studio/Go-SDK/ainative/auth.go:251.16,253.3 1 2
github.com/AINative-Studio/Go-SDK/ainative/auth.go:255.2,256.9 2 3
github.com/AINative-Studio/Go-SDK/ainative/auth.go:256.9,258.3 1 0
github.com/AINative-Studio/Go-SDK/ainative/auth.go:260.2,260.20 1 3
github.com/AINative-Studio/Go-SDK/ainative/auth.go:264.52,265.18 1 4
github.com/AINative-Studio/Go-SDK/ainative/auth.go:265.18,267.3 1 1
github.com/AINative-Studio/Go-SDK/ainative/auth.go:270.2,272.16 3 4
github.com/AINative-Studio/Go-SDK/ainative/auth.go:272.16,274.3 1 0
github.com/AINative-Studio/Go-SDK/ainative/auth.go:277.2,279.51 2 4
github.com/AINative-Studio/Go-SDK/ainative/auth.go:283.55,285.16 2 2
github.com/AINative-Studio/Go-SDK/ainative/auth.go:285.16,287.3 1 1
github.com/AINative-Studio/Go-SDK/ainative/auth.go:289.2,289.29 1 1
github.com/AINative-Studio/Go-SDK/ainative/auth.go:289.29,291.3 1 0
github.com/AINative-Studio/Go-SDK/ainative/auth.go:293.2,293.49 1 1
github.com/AINative-Studio/Go-SDK/ainative/auth.go:297.69,299.16 2 2
github.com/AINative-Studio/Go-SDK/ainative/auth.go:299.16,301.3 1 1
github.com/AINative-Studio/Go-SDK/ainative/auth.go:303.2,303.29 1 1
github.com/AINative-Studio/Go-SDK/ainative/auth.go:303.29,305.3 1 0
github.com/AINative-Studio/Go-SDK/ainative/auth.go:307.2,307.36 1 1
github.com/AINative-Studio/Go-SDK/ainative/client.go:117.49,118.19 1 95
github.com/AINative-Studio/Go-SDK/ainative/client.go:118.19,120.3 1 1
github.com/AINative-Studio/Go-SDK/ainative/client.go:122.2,122.25 1 94
github.com/AINative-Studio/Go-SDK/ainative/client.go:122.25,124.3 1 1
github.com/AINative-Studio/Go-SDK/ainative/client.go:127.2,127.26 1 93
github.com/AINative-Studio/Go-SDK/ainative/client.go:127.26,129.3 1 22
github.com/AINative-Studio/Go-SDK/ainative/client.go:131.2,131.25 1 93
github.com/AINative-Studio/Go-SDK/ainative/client.go:131.25,133.3 1 91
github.com/AINative-Studio/Go-SDK/ainative/client.go:135.2,135.27 1 93
github.com/AINative-Studio/Go-SDK/ainative/client.go:135.27,137.3 1 91
github.com/AINative-Studio/Go-SDK/ainative/client.go:140.2,141.16 2 93
github.com/AINative-Studio/Go-SDK/ainative/client.go:141.16,143.3 1 1
github.com/AINative-Studio/Go-SDK/ainative/client.go:146.2,147.30 2 92
github.com/AINative-Studio/Go-SDK/ainative/client.go:147.30,149.3 1 1
github.com/AINative-Studio/Go-SDK/ainative/client.go:149.8,159.3 1 91
github.com/AINative-Studio/Go-SDK/ainative/client.go:161.2,172.28 3 92
github.com/AINative-Studio/Go-SDK/ainative/client.go:172.28,175.3 1 1
github.com/AINative-Studio/Go-SDK/ainative/client.go:175.8,177.3 1 91
github.com/AINative-Studio/Go-SDK/ainative/client.go:180.2,180.33 1 92
github.com/AINative-Studio/Go-SDK/ainative/client.go:180.33,182.3 1 1
github.com/AINative-Studio/Go-SDK/ainative/client.go:185.2,186.24 2 92
github.com/AINative-Studio/Go-SDK/ainative/client.go:186.24,194.3 1 89
github.com/AINative-Studio/Go-SDK/ainative/client.go:196.2,200.61 1 92
github.com/AINative-Studio/Go-SDK/ainative/client.go:200.61,202.18 1 78
github.com/AINative-Studio/Go-SDK/ainative/client.go:202.18,204.5 1 12
github.com/AINative-Studio/Go-SDK/ainative/client.go:207.4,207.57 1 66
github.com/AINative-Studio/Go-SDK/ainative/client.go:211.2,211.18 1 92
github.com/AINative-Studio/Go-SDK/ainative/client.go:211.18,213.3 1 1
github.com/AINative-Studio/Go-SDK/ainative/client.go:219.2,223.19 3 92
github.com/AINative-Studio/Go-SDK/ainative/client.go:223.19,225.3 1 92
github.com/AINative-Studio/Go-SDK/ainative/client.go:228.2,244.20 9 92
github.com/AINative-Studio/Go-SDK/ainative/client.go:248.116,254.48 3 71
github.com/AINative-Studio/Go-SDK/ainative/client.go:254.48,256.3 1 0
github.com/AINative-Studio/Go-SDK/ainative/client.go:259.2,262.17 2 71
github.com/AINative-Studio/Go-SDK/ainative/client.go:262.17,264.3 1 37
github.com/AINative-Studio/Go-SDK/ainative/client.go:267.2,267.19 1 71
github.com/AINative-Studio/Go-SDK/ainative/client.go:267.19,269.3 1 65
github.com/AINative-Studio/Go-SDK/ainative/client.go:272.2,279.33 5 71
github.com/AINative-Studio/Go-SDK/ainative/client.go:280.13,281.28 1 28
github.com/AINative-Studio/Go-SDK/ainative/client.go:282.14,283.29 1 41
github.com/AINative-Studio/Go-SDK/ainative/client.go:284.13,285.28 1 0
github.com/AINative-Studio/Go-SDK/ainative/client.go:286.16,287.31 1 1
github.com/AINative-Studio/Go-SDK/ainative/client.go:288.15,289.30 1 0
github.com/AINative-Studio/Go-SDK/ainative/client.go:290.10,291.59 1 1
github.com/AINative-Studio/Go-SDK/ainative/client.go:295.2,295.16 1 70
github.com/AINative-Studio/Go-SDK/ainative/client.go:295.16,297.3 1 4
github.com/AINative-Studio/Go-SDK/ainative/client.go:300.2,300.30 1 66
github.com/AINative-Studio/Go-SDK/ainative/client.go:300.30,301.29 1 5
github.com/AINative-Studio/Go-SDK/ainative/client.go:301.29,305.4 3 5
github.com/AINative-Studio/Go-SDK/ainative/client.go:308.3,312.4 1 0
github.com/AINative-Studio/Go-SDK/ainative/client.go:315.2,315.12 1 61
github.com/AINative-Studio/Go-SDK/ainative/client.go:319.38,321.2 1 0
github.com/AINative-Studio/Go-SDK/ainative/client.go:324.49,326.21 2 2
github.com/AINative-Studio/Go-SDK/ainative/client.go:326.21,328.3 1 1
github.com/AINative-Studio/Go-SDK/ainative/client.go:328.8,330.3 1 1
github.com/AINative-Studio/Go-SDK/ainative/client.go:334.50,336.17 2 2
github.com/AINative-Studio/Go-SDK/ainative/client.go:336.17,338.3 1 1
github.com/AINative-Studio/Go-SDK/ainative/client.go:338.8,340.3 1 1
github.com/AINative-Studio/Go-SDK/ainative/client.go:344.71,348.16 3 1
github.com/AINative-Studio/Go-SDK/ainative/client.go:348.16,350.3 1 0
github.com/AINative-Studio/Go-SDK/ainative/client.go:352.2,352.21 1 1
github.com/AINative-Studio/Go-SDK/ainative/client.go:373.58,375.28 2 4
github.com/AINative-Studio/Go-SDK/ainative/client.go:375.28,378.3 2 2
github.com/AINative-Studio/Go-SDK/ainative/client.go:379.2,379.52 1 2
github.com/AINative-Studio/Go-SDK/ainative/client.go:379.52,381.3 1 0
github.com/AINative-Studio/Go-SDK/ainative/client.go:382.2,383.12 2 2
github.com/AINative-Studio/Go-SDK/ainative/client.go:386.54,387.15 1 4
github.com/AINative-Studio/Go-SDK/ainative/client.go:387.15,389.3 1 2
github.com/AINative-Studio/Go-SDK/ainative/client.go:390.2,390.30 1 2
github.com/AINative-Studio/Go-SDK/ainative/embeddings.go:135.132,136.21 1 14
github.com/AINative-Studio/Go-SDK/ainative/embeddings.go:136.21,138.3 1 1
github.com/AINative-Studio/Go-SDK/ainative/embeddings.go:140.2,140.22 1 13
github.com/AINative-Studio/Go-SDK/ainative/embeddings.go:140.22,142.3 1 1
github.com/AINative-Studio/Go-SDK/ainative/embeddings.go:145.2,145.17 1 12
github.com/AINative-Studio/Go-SDK/ainative/embeddings.go:145.17,147.3 1 10
github.com/AINative-Studio/Go-SDK/ainative/embeddings.go:149.2,158.16 4 12
github.com/AINative-Studio/Go-SDK/ainative/embeddings.go:158.16,160.3 1 7
github.com/AINative-Studio/Go-SDK/ainative/embeddings.go:162.2,162.21 1 5
github.com/AINative-Studio/Go-SDK/ainative/embeddings.go:206.194,207.21 1 4
github.com/AINative-Studio/Go-SDK/ainative/embeddings.go:207.21,209.3 1 1
github.com/AINative-Studio/Go-SDK/ainative/embeddings.go:211.2,211.21 1 3
github.com/AINative-Studio/Go-SDK/ainative/embeddings.go:211.21,213.3 1 0
github.com/AINative-Studio/Go-SDK/ainative/embeddings.go:215.2,215.22 1 3
github.com/AINative-Studio/Go-SDK/ainative/embeddings.go:215.22,217.3 1 0
github.com/AINative-Studio/Go-SDK/ainative/embeddings.go:219.2,219.60 1 3
github.com/AINative-Studio/Go-SDK/ainative/embeddings.go:219.60,221.3 1 1
github.com/AINative-Studio/Go-SDK/ainative/embeddings.go:224.2,224.21 1 2
github.com/AINative-Studio/Go-SDK/ainative/embeddings.go:224.21,226.3 1 1
github.com/AINative-Studio/Go-SDK/ainative/embeddings.go:228.2,228.17 1 2
github.com/AINative-Studio/Go-SDK/ainative/embeddings.go:228.17,230.3 1 2
github.com/AINative-Studio/Go-SDK/ainative/embeddings.go:232.2,243.16 4 2
github.com/AINative-Studio/Go-SDK/ainative/embeddings.go:243.16,245.3 1 0
github.com/AINative-Studio/Go-SDK/ainative/embeddings.go:247.2,247.21 1 2
github.com/AINative-Studio/Go-SDK/ainative/embeddings.go:287.224,288.21 1 9
github.com/AINative-Studio/Go-SDK/ainative/embeddings.go:288.21,290.3 1 0
github.com/AINative-Studio/Go-SDK/ainative/embeddings.go:292.2,292.17 1 9
github.com/AINative-Studio/Go-SDK/ainative/embeddings.go:292.17,294.3 1 1
github.com/AINative-Studio/Go-SDK/ainative/embeddings.go:297.2,297.16 1 8
github.com/AINative-Studio/Go-SDK/ainative/embeddings.go:297.16,299.3 1 1
github.com/AINative-Studio/Go-SDK/ainative/embeddings.go:301.2,301.30 1 8
github.com/AINative-Studio/Go-SDK/ainative/embeddings.go:301.30,303.3 1 2
github.com/AINative-Studio/Go-SDK/ainative/embeddings.go:305.2,305.22 1 6
github.com/AINative-Studio/Go-SDK/ainative/embeddings.go:305.22,307.3 1 1
github.com/AINative-Studio/Go-SDK/ainative/embeddings.go:309.2,309.40 1 6
github.com/AINative-Studio/Go-SDK/ainative/embeddings.go:309.40,311.3 1 2
github.com/AINative-Studio/Go-SDK/ainative/embeddings.go:313.2,313.21 1 4
github.com/AINative-Studio/Go-SDK/ainative/embeddings.go:313.21,315.3 1 2
github.com/AINative-Studio/Go-SDK/ainative/embeddings.go:317.2,317.17 1 4
github.com/AINative-Studio/Go-SDK/ainative/embeddings.go:317.17,319.3 1 4
github.com/AINative-Studio/Go-SDK/ainative/embeddings.go:321.2,334.16 4 4
github.com/AINative-Studio/Go-SDK/ainative/embeddings.go:334.16,336.3 1 0
github.com/AINative-Studio/Go-SDK/ainative/embeddings.go:338.2,338.21 1 4
github.com/AINative-Studio/Go-SDK/ainative/embeddings.go:362.87,366.16 3 1
github.com/AINative-Studio/Go-SDK/ainative/embeddings.go:366.16,368.3 1 0
github.com/AINative-Studio/Go-SDK/ainative/embeddings.go:370.2,370.20 1 1
github.com/AINative-Studio/Go-SDK/ainative/embeddings.go:393.92,397.16 3 1
github.com/AINative-Studio/Go-SDK/ainative/embeddings.go:397.16,399.3 1 0
github.com/AINative-Studio/Go-SDK/ainative/embeddings.go:401.2,401.21 1 1
github.com/AINative-Studio/Go-SDK/ainative/embeddings.go:425.83,429.16 3 1
github.com/AINative-Studio/Go-SDK/ainative/embeddings.go:429.16,431.3 1 0
github.com/AINative-Studio/Go-SDK/ainative/embeddings.go:433.2,433.21 1 1
github.com/AINative-Studio/Go-SDK/ainative/errors.go:30.35,31.18 1 0
github.com/AINative-Studio/Go-SDK/ainative/errors.go:31.18,33.3 1 0
github.com/AINative-Studio/Go-SDK/ainative/errors.go:34.2,34.76 1 0
github.com/AINative-Studio/Go-SDK/ainative/errors.go:38.49,40.2 1 0
github.com/AINative-Studio/Go-SDK/ainative/errors.go:43.44,45.2 1 0
github.com/AINative-Studio/Go-SDK/ainative/errors.go:48.41,50.2 1 0
github.com/AINative-Studio/Go-SDK/ainative/errors.go:53.41,55.2 1 0
github.com/AINative-Studio/Go-SDK/ainative/errors.go:58.39,61.2 1 0
github.com/AINative-Studio/Go-SDK/ainative/errors.go:71.42,73.2 1 67
github.com/AINative-Studio/Go-SDK/ainative/errors.go:82.39,83.20 1 0
github.com/AINative-Studio/Go-SDK/ainative/errors.go:83.20,85.3 1 0
github.com/AINative-Studio/Go-SDK/ainative/errors.go:86.2,86.52 1 0
github.com/AINative-Studio/Go-SDK/ainative/errors.go:90.39,92.2 1 0
github.com/AINative-Studio/Go-SDK/ainative/errors.go:101.38,103.2 1 0
github.com/AINative-Studio/Go-SDK/ainative/errors.go:117.66,123.2 1 0
github.com/AINative-Studio/Go-SDK/ainative/errors.go:126.84,132.2 1 69
github.com/AINative-Studio/Go-SDK/ainative/errors.go:135.65,140.2 1 0
github.com/AINative-Studio/Go-SDK/ainative/errors.go:143.57,148.2 1 0
github.com/AINative-Studio/Go-SDK/ainative/zerodb.go:20.54,31.2 6 92
github.com/AINative-Studio/Go-SDK/ainative/zerodb.go:109.100,110.16 1 3
github.com/AINative-Studio/Go-SDK/ainative/zerodb.go:110.16,112.3 1 1
github.com/AINative-Studio/Go-SDK/ainative/zerodb.go:114.2,114.20 1 2
github.com/AINative-Studio/Go-SDK/ainative/zerodb.go:114.20,116.3 1 1
github.com/AINative-Studio/Go-SDK/ainative/zerodb.go:118.2,121.16 3 1
github.com/AINative-Studio/Go-SDK/ainative/zerodb.go:121.16,123.3 1 0
github.com/AINative-Studio/Go-SDK/ainative/zerodb.go:125.2,125.21 1 1
github.com/AINative-Studio/Go-SDK/ainative/zerodb.go:129.110,130.16 1 1
github.com/AINative-Studio/Go-SDK/ainative/zerodb.go:130.16,132.3 1 0
github.com/AINative-Studio/Go-SDK/ainative/zerodb.go:135.2,135.20 1 1
github.com/AINative-Studio/Go-SDK/ainative/zerodb.go:135.20,137.3 1 0
github.com/AINative-Studio/Go-SDK/ainative/zerodb.go:139.2,142.22 3 1
github.com/AINative-Studio/Go-SDK/ainative/zerodb.go:142.22,144.3 1 0
github.com/AINative-Studio/Go-SDK/ainative/zerodb.go:146.2,147.16 2 1
github.com/AINative-Studio/Go-SDK/ainative/zerodb.go:147.16,149.3 1 0
github.com/AINative-Studio/Go-SDK/ainative/zerodb.go:151.2,151.21 1 1
github.com/AINative-Studio/Go-SDK/ainative/zerodb.go:155.88,156.21 1 2
github.com/AINative-Studio/Go-SDK/ainative/zerodb.go:156.21,158.3 1 1
github.com/AINative-Studio/Go-SDK/ainative/zerodb.go:160.2,168.16 4 1
github.com/AINative-Studio/Go-SDK/ainative/zerodb.go:168.16,170.3 1 0
github.com/AINative-Studio/Go-SDK/ainative/zerodb.go:172.2,172.21 1 1
github.com/AINative-Studio/Go-SDK/ainative/zerodb.go:176.118,177.21 1 0
github.com/AINative-Studio/Go-SDK/ainative/zerodb.go:177.21,179.3 1 0
github.com/AINative-Studio/Go-SDK/ainative/zerodb.go:181.2,181.16 1 0
github.com/AINative-Studio/Go-SDK/ainative/zerodb.go:181.16,183.3 1 0
github.com/AINative-Studio/Go-SDK/ainative/zerodb.go:185.2,190.16 4 0
github.com/AINative-Studio/Go-SDK/ainative/zerodb.go:190.16,192.3 1 0
github.com/AINative-Studio/Go-SDK/ainative/zerodb.go:194.2,194.21 1 0
github.com/AINative-Studio/Go-SDK/ainative/zerodb.go:200.79,201.21 1 0
github.com/AINative-Studio/Go-SDK/ainative/zerodb.go:201.21,203.3 1 0
github.com/AINative-Studio/Go-SDK/ainative/zerodb.go:205.2,207.60 2 0
github.com/AINative-Studio/Go-SDK/ainative/zerodb.go:269.129,270.21 1 3
github.com/AINative-Studio/Go-SDK/ainative/zerodb.go:270.21,272.3 1 0
github.com/AINative-Studio/Go-SDK/ainative/zerodb.go:274.2,274.16 1 3
github.com/AINative-Studio/Go-SDK/ainative/zerodb.go:274.16,276.3 1 1
github.com/AINative-Studio/Go-SDK/ainative/zerodb.go:278.2,278.31 1 2
github.com/AINative-Studio/Go-SDK/ainative/zerodb.go:278.31,280.3 1 1
github.com/AINative-Studio/Go-SDK/ainative/zerodb.go:282.2,282.20 1 1
github.com/AINative-Studio/Go-SDK/ainative/zerodb.go:282.20,284.3 1 0
github.com/AINative-Studio/Go-SDK/ainative/zerodb.go:286.2,291.16 4 1
github.com/AINative-Studio/Go-SDK/ainative/zerodb.go:291.16,293.3 1 0
github.com/AINative-Studio/Go-SDK/ainative/zerodb.go:295.2,295.21 1 1
github.com/AINative-Studio/Go-SDK/ainative/zerodb.go:300.126,301.21 1 3
github.com/AINative-Studio/Go-SDK/ainative/zerodb.go:301.21,303.3 1 1
github.com/AINative-Studio/Go-SDK/ainative/zerodb.go:305.2,305.23 1 2
github.com/AINative-Studio/Go-SDK/ainative/zerodb.go:305.23,307.3 1 1
github.com/AINative-Studio/Go-SDK/ainative/zerodb.go:309.2,314.16 4 1
github.com/AINative-Studio/Go-SDK/ainative/zerodb.go:314.16,316.3 1 0
github.com/AINative-Studio/Go-SDK/ainative/zerodb.go:318.2,318.21 1 1
github.com/AINative-Studio/Go-SDK/ainative/zerodb.go:372.110,373.16 1 3
github.com/AINative-Studio/Go-SDK/ainative/zerodb.go:373.16,375.3 1 1
github.com/AINative-Studio/Go-SDK/ainative/zerodb.go:377.2,377.23 1 2
github.com/AINative-Studio/Go-SDK/ainative/zerodb.go:377.23,379.3 1 1
github.com/AINative-Studio/Go-SDK/ainative/zerodb.go:381.2,384.16 3 1
github.com/AINative-Studio/Go-SDK/ainative/zerodb.go:384.16,386.3 1 0
github.com/AINative-Studio/Go-SDK/ainative/zerodb.go:388.2,388.21 1 1
github.com/AINative-Studio/Go-SDK/ainative/zerodb.go:393.109,394.17 1 2
github.com/AINative-Studio/Go-SDK/ainative/zerodb.go:394.17,396.3 1 1
github.com/AINative-Studio/Go-SDK/ainative/zerodb.go:398.2,398.16 1 1
github.com/AINative-Studio/Go-SDK/ainative/zerodb.go:398.16,400.3 1 0
github.com/AINative-Studio/Go-SDK/ainative/zerodb.go:402.2,406.16 4 1
github.com/AINative-Studio/Go-SDK/ainative/zerodb.go:406.16,408.3 1 0
github.com/AINative-Studio/Go-SDK/ainative/zerodb.go:410.2,410.21 1 1
