mode: set
github.com/ainative/go-sdk/ainative/agent_coordination.go:14.76,18.2 1 1
github.com/ainative/go-sdk/ainative/agent_coordination.go:98.124,99.16 1 1
github.com/ainative/go-sdk/ainative/agent_coordination.go:99.16,101.3 1 1
github.com/ainative/go-sdk/ainative/agent_coordination.go:103.2,103.25 1 1
github.com/ainative/go-sdk/ainative/agent_coordination.go:103.25,105.3 1 1
github.com/ainative/go-sdk/ainative/agent_coordination.go:107.2,107.23 1 1
github.com/ainative/go-sdk/ainative/agent_coordination.go:107.23,109.3 1 1
github.com/ainative/go-sdk/ainative/agent_coordination.go:111.2,111.23 1 1
github.com/ainative/go-sdk/ainative/agent_coordination.go:111.23,113.3 1 1
github.com/ainative/go-sdk/ainative/agent_coordination.go:115.2,118.16 3 1
github.com/ainative/go-sdk/ainative/agent_coordination.go:118.16,120.3 1 0
github.com/ainative/go-sdk/ainative/agent_coordination.go:122.2,122.21 1 1
github.com/ainative/go-sdk/ainative/agent_coordination.go:126.136,127.16 1 1
github.com/ainative/go-sdk/ainative/agent_coordination.go:127.16,129.3 1 1
github.com/ainative/go-sdk/ainative/agent_coordination.go:131.2,131.25 1 1
github.com/ainative/go-sdk/ainative/agent_coordination.go:131.25,133.3 1 1
github.com/ainative/go-sdk/ainative/agent_coordination.go:136.2,136.24 1 1
github.com/ainative/go-sdk/ainative/agent_coordination.go:136.24,138.3 1 0
github.com/ainative/go-sdk/ainative/agent_coordination.go:140.2,143.16 3 1
github.com/ainative/go-sdk/ainative/agent_coordination.go:143.16,145.3 1 0
github.com/ainative/go-sdk/ainative/agent_coordination.go:147.2,147.21 1 1
github.com/ainative/go-sdk/ainative/agent_coordination.go:151.139,152.16 1 1
github.com/ainative/go-sdk/ainative/agent_coordination.go:152.16,154.3 1 0
github.com/ainative/go-sdk/ainative/agent_coordination.go:156.2,165.16 4 1
github.com/ainative/go-sdk/ainative/agent_coordination.go:165.16,167.3 1 0
github.com/ainative/go-sdk/ainative/agent_coordination.go:169.2,169.21 1 1
github.com/ainative/go-sdk/ainative/agent_learning.go:15.68,19.2 1 1
github.com/ainative/go-sdk/ainative/agent_learning.go:100.129,101.16 1 1
github.com/ainative/go-sdk/ainative/agent_learning.go:101.16,103.3 1 1
github.com/ainative/go-sdk/ainative/agent_learning.go:105.2,105.23 1 1
github.com/ainative/go-sdk/ainative/agent_learning.go:105.23,107.3 1 1
github.com/ainative/go-sdk/ainative/agent_learning.go:109.2,109.42 1 1
github.com/ainative/go-sdk/ainative/agent_learning.go:109.42,111.3 1 1
github.com/ainative/go-sdk/ainative/agent_learning.go:113.2,116.16 3 1
github.com/ainative/go-sdk/ainative/agent_learning.go:116.16,118.3 1 0
github.com/ainative/go-sdk/ainative/agent_learning.go:120.2,120.21 1 1
github.com/ainative/go-sdk/ainative/agent_learning.go:124.150,125.16 1 1
github.com/ainative/go-sdk/ainative/agent_learning.go:125.16,127.3 1 1
github.com/ainative/go-sdk/ainative/agent_learning.go:129.2,129.23 1 1
github.com/ainative/go-sdk/ainative/agent_learning.go:129.23,131.3 1 1
github.com/ainative/go-sdk/ainative/agent_learning.go:133.2,135.22 2 1
github.com/ainative/go-sdk/ainative/agent_learning.go:135.22,137.3 1 1
github.com/ainative/go-sdk/ainative/agent_learning.go:139.2,142.16 3 1
github.com/ainative/go-sdk/ainative/agent_learning.go:142.16,144.3 1 0
github.com/ainative/go-sdk/ainative/agent_learning.go:146.2,146.21 1 1
github.com/ainative/go-sdk/ainative/agent_learning.go:150.126,151.16 1 1
github.com/ainative/go-sdk/ainative/agent_learning.go:151.16,153.3 1 1
github.com/ainative/go-sdk/ainative/agent_learning.go:155.2,155.25 1 1
github.com/ainative/go-sdk/ainative/agent_learning.go:155.25,157.3 1 1
github.com/ainative/go-sdk/ainative/agent_learning.go:160.2,160.22 1 1
github.com/ainative/go-sdk/ainative/agent_learning.go:160.22,162.3 1 0
github.com/ainative/go-sdk/ainative/agent_learning.go:164.2,167.16 3 1
github.com/ainative/go-sdk/ainative/agent_learning.go:167.16,169.3 1 0
github.com/ainative/go-sdk/ainative/agent_learning.go:171.2,171.21 1 1
github.com/ainative/go-sdk/ainative/agent_orchestration.go:15.78,19.2 1 1
github.com/ainative/go-sdk/ainative/agent_orchestration.go:111.122,112.16 1 1
github.com/ainative/go-sdk/ainative/agent_orchestration.go:112.16,114.3 1 1
github.com/ainative/go-sdk/ainative/agent_orchestration.go:116.2,116.23 1 1
github.com/ainative/go-sdk/ainative/agent_orchestration.go:116.23,118.3 1 1
github.com/ainative/go-sdk/ainative/agent_orchestration.go:120.2,120.24 1 1
github.com/ainative/go-sdk/ainative/agent_orchestration.go:120.24,122.3 1 1
github.com/ainative/go-sdk/ainative/agent_orchestration.go:124.2,124.27 1 1
github.com/ainative/go-sdk/ainative/agent_orchestration.go:124.27,126.3 1 1
github.com/ainative/go-sdk/ainative/agent_orchestration.go:128.2,131.16 3 1
github.com/ainative/go-sdk/ainative/agent_orchestration.go:131.16,133.3 1 0
github.com/ainative/go-sdk/ainative/agent_orchestration.go:135.2,135.21 1 1
github.com/ainative/go-sdk/ainative/agent_orchestration.go:139.119,140.16 1 1
github.com/ainative/go-sdk/ainative/agent_orchestration.go:140.16,142.3 1 0
github.com/ainative/go-sdk/ainative/agent_orchestration.go:144.2,144.20 1 1
github.com/ainative/go-sdk/ainative/agent_orchestration.go:144.20,146.3 1 0
github.com/ainative/go-sdk/ainative/agent_orchestration.go:148.2,150.23 2 1
github.com/ainative/go-sdk/ainative/agent_orchestration.go:150.23,152.3 1 1
github.com/ainative/go-sdk/ainative/agent_orchestration.go:154.2,154.22 1 1
github.com/ainative/go-sdk/ainative/agent_orchestration.go:154.22,156.3 1 1
github.com/ainative/go-sdk/ainative/agent_orchestration.go:158.2,161.16 3 1
github.com/ainative/go-sdk/ainative/agent_orchestration.go:161.16,163.3 1 0
github.com/ainative/go-sdk/ainative/agent_orchestration.go:165.2,165.21 1 1
github.com/ainative/go-sdk/ainative/agent_orchestration.go:169.116,170.18 1 1
github.com/ainative/go-sdk/ainative/agent_orchestration.go:170.18,172.3 1 1
github.com/ainative/go-sdk/ainative/agent_orchestration.go:174.2,179.16 4 1
github.com/ainative/go-sdk/ainative/agent_orchestration.go:179.16,181.3 1 0
github.com/ainative/go-sdk/ainative/agent_orchestration.go:183.2,183.21 1 1
github.com/ainative/go-sdk/ainative/agent_orchestration.go:187.125,188.16 1 1
github.com/ainative/go-sdk/ainative/agent_orchestration.go:188.16,190.3 1 1
github.com/ainative/go-sdk/ainative/agent_orchestration.go:192.2,192.22 1 1
github.com/ainative/go-sdk/ainative/agent_orchestration.go:192.22,194.3 1 1
github.com/ainative/go-sdk/ainative/agent_orchestration.go:196.2,205.16 5 1
github.com/ainative/go-sdk/ainative/agent_orchestration.go:205.16,207.3 1 0
github.com/ainative/go-sdk/ainative/agent_orchestration.go:209.2,209.21 1 1
github.com/ainative/go-sdk/ainative/agent_orchestration.go:213.146,214.16 1 1
github.com/ainative/go-sdk/ainative/agent_orchestration.go:214.16,216.3 1 1
github.com/ainative/go-sdk/ainative/agent_orchestration.go:218.2,218.20 1 1
github.com/ainative/go-sdk/ainative/agent_orchestration.go:218.20,220.3 1 1
github.com/ainative/go-sdk/ainative/agent_orchestration.go:222.2,222.25 1 1
github.com/ainative/go-sdk/ainative/agent_orchestration.go:222.25,224.3 1 1
github.com/ainative/go-sdk/ainative/agent_orchestration.go:226.2,229.16 3 1
github.com/ainative/go-sdk/ainative/agent_orchestration.go:229.16,231.3 1 0
github.com/ainative/go-sdk/ainative/agent_orchestration.go:233.2,233.21 1 1
github.com/ainative/go-sdk/ainative/agent_state.go:15.62,19.2 1 1
github.com/ainative/go-sdk/ainative/agent_state.go:102.108,103.16 1 1
github.com/ainative/go-sdk/ainative/agent_state.go:103.16,105.3 1 1
github.com/ainative/go-sdk/ainative/agent_state.go:107.2,107.23 1 1
github.com/ainative/go-sdk/ainative/agent_state.go:107.23,109.3 1 1
github.com/ainative/go-sdk/ainative/agent_state.go:111.2,113.21 2 1
github.com/ainative/go-sdk/ainative/agent_state.go:113.21,115.3 1 1
github.com/ainative/go-sdk/ainative/agent_state.go:117.2,120.16 3 1
github.com/ainative/go-sdk/ainative/agent_state.go:120.16,122.3 1 0
github.com/ainative/go-sdk/ainative/agent_state.go:124.2,124.21 1 1
github.com/ainative/go-sdk/ainative/agent_state.go:128.132,129.16 1 1
github.com/ainative/go-sdk/ainative/agent_state.go:129.16,131.3 1 1
github.com/ainative/go-sdk/ainative/agent_state.go:133.2,133.23 1 1
github.com/ainative/go-sdk/ainative/agent_state.go:133.23,135.3 1 1
github.com/ainative/go-sdk/ainative/agent_state.go:137.2,137.20 1 1
github.com/ainative/go-sdk/ainative/agent_state.go:137.20,139.3 1 1
github.com/ainative/go-sdk/ainative/agent_state.go:141.2,141.21 1 1
github.com/ainative/go-sdk/ainative/agent_state.go:141.21,143.3 1 1
github.com/ainative/go-sdk/ainative/agent_state.go:145.2,148.16 3 1
github.com/ainative/go-sdk/ainative/agent_state.go:148.16,150.3 1 0
github.com/ainative/go-sdk/ainative/agent_state.go:152.2,152.21 1 1
github.com/ainative/go-sdk/ainative/agent_state.go:156.135,157.16 1 1
github.com/ainative/go-sdk/ainative/agent_state.go:157.16,159.3 1 1
github.com/ainative/go-sdk/ainative/agent_state.go:161.2,161.28 1 1
github.com/ainative/go-sdk/ainative/agent_state.go:161.28,163.3 1 1
github.com/ainative/go-sdk/ainative/agent_state.go:165.2,165.23 1 1
github.com/ainative/go-sdk/ainative/agent_state.go:165.23,167.3 1 1
github.com/ainative/go-sdk/ainative/agent_state.go:169.2,172.16 3 1
github.com/ainative/go-sdk/ainative/agent_state.go:172.16,174.3 1 0
github.com/ainative/go-sdk/ainative/agent_state.go:176.2,176.21 1 1
github.com/ainative/go-sdk/ainative/agent_state.go:180.129,181.16 1 1
github.com/ainative/go-sdk/ainative/agent_state.go:181.16,183.3 1 0
github.com/ainative/go-sdk/ainative/agent_state.go:185.2,185.20 1 1
github.com/ainative/go-sdk/ainative/agent_state.go:185.20,187.3 1 0
github.com/ainative/go-sdk/ainative/agent_state.go:189.2,191.23 2 1
github.com/ainative/go-sdk/ainative/agent_state.go:191.23,193.3 1 1
github.com/ainative/go-sdk/ainative/agent_state.go:195.2,198.16 3 1
github.com/ainative/go-sdk/ainative/agent_state.go:198.16,200.3 1 0
github.com/ainative/go-sdk/ainative/agent_state.go:202.2,202.21 1 1
github.com/ainative/go-sdk/ainative/agent_swarm.go:15.62,19.2 1 1
github.com/ainative/go-sdk/ainative/agent_swarm.go:219.101,220.16 1 1
github.com/ainative/go-sdk/ainative/agent_swarm.go:220.16,222.3 1 1
github.com/ainative/go-sdk/ainative/agent_swarm.go:224.2,224.25 1 1
github.com/ainative/go-sdk/ainative/agent_swarm.go:224.25,226.3 1 1
github.com/ainative/go-sdk/ainative/agent_swarm.go:228.2,228.25 1 1
github.com/ainative/go-sdk/ainative/agent_swarm.go:228.25,230.3 1 1
github.com/ainative/go-sdk/ainative/agent_swarm.go:232.2,232.26 1 1
github.com/ainative/go-sdk/ainative/agent_swarm.go:232.26,234.3 1 1
github.com/ainative/go-sdk/ainative/agent_swarm.go:236.2,239.16 3 1
github.com/ainative/go-sdk/ainative/agent_swarm.go:239.16,241.3 1 0
github.com/ainative/go-sdk/ainative/agent_swarm.go:243.2,243.21 1 1
github.com/ainative/go-sdk/ainative/agent_swarm.go:247.91,248.19 1 1
github.com/ainative/go-sdk/ainative/agent_swarm.go:248.19,250.3 1 1
github.com/ainative/go-sdk/ainative/agent_swarm.go:252.2,257.16 4 1
github.com/ainative/go-sdk/ainative/agent_swarm.go:257.16,259.3 1 0
github.com/ainative/go-sdk/ainative/agent_swarm.go:261.2,261.21 1 1
github.com/ainative/go-sdk/ainative/agent_swarm.go:265.108,266.16 1 1
github.com/ainative/go-sdk/ainative/agent_swarm.go:266.16,268.3 1 0
github.com/ainative/go-sdk/ainative/agent_swarm.go:270.2,270.20 1 1
github.com/ainative/go-sdk/ainative/agent_swarm.go:270.20,272.3 1 0
github.com/ainative/go-sdk/ainative/agent_swarm.go:274.2,276.25 2 1
github.com/ainative/go-sdk/ainative/agent_swarm.go:276.25,278.3 1 1
github.com/ainative/go-sdk/ainative/agent_swarm.go:280.2,280.22 1 1
github.com/ainative/go-sdk/ainative/agent_swarm.go:280.22,282.3 1 0
github.com/ainative/go-sdk/ainative/agent_swarm.go:284.2,287.16 3 1
github.com/ainative/go-sdk/ainative/agent_swarm.go:287.16,289.3 1 0
github.com/ainative/go-sdk/ainative/agent_swarm.go:291.2,291.21 1 1
github.com/ainative/go-sdk/ainative/agent_swarm.go:295.77,296.19 1 1
github.com/ainative/go-sdk/ainative/agent_swarm.go:296.19,298.3 1 0
github.com/ainative/go-sdk/ainative/agent_swarm.go:300.2,302.58 2 1
github.com/ainative/go-sdk/ainative/agent_swarm.go:306.78,307.19 1 1
github.com/ainative/go-sdk/ainative/agent_swarm.go:307.19,309.3 1 0
github.com/ainative/go-sdk/ainative/agent_swarm.go:311.2,313.58 2 1
github.com/ainative/go-sdk/ainative/agent_swarm.go:317.79,318.19 1 1
github.com/ainative/go-sdk/ainative/agent_swarm.go:318.19,320.3 1 0
github.com/ainative/go-sdk/ainative/agent_swarm.go:322.2,324.58 2 1
github.com/ainative/go-sdk/ainative/agent_swarm.go:328.121,329.16 1 1
github.com/ainative/go-sdk/ainative/agent_swarm.go:329.16,331.3 1 0
github.com/ainative/go-sdk/ainative/agent_swarm.go:333.2,333.23 1 1
github.com/ainative/go-sdk/ainative/agent_swarm.go:333.23,335.3 1 1
github.com/ainative/go-sdk/ainative/agent_swarm.go:337.2,337.20 1 1
github.com/ainative/go-sdk/ainative/agent_swarm.go:337.20,339.3 1 0
github.com/ainative/go-sdk/ainative/agent_swarm.go:341.2,341.24 1 1
github.com/ainative/go-sdk/ainative/agent_swarm.go:341.24,343.3 1 0
github.com/ainative/go-sdk/ainative/agent_swarm.go:345.2,348.16 3 1
github.com/ainative/go-sdk/ainative/agent_swarm.go:348.16,350.3 1 0
github.com/ainative/go-sdk/ainative/agent_swarm.go:352.2,352.21 1 1
github.com/ainative/go-sdk/ainative/agent_swarm.go:356.101,357.18 1 1
github.com/ainative/go-sdk/ainative/agent_swarm.go:357.18,359.3 1 1
github.com/ainative/go-sdk/ainative/agent_swarm.go:361.2,366.16 4 1
github.com/ainative/go-sdk/ainative/agent_swarm.go:366.16,368.3 1 0
github.com/ainative/go-sdk/ainative/agent_swarm.go:370.2,370.21 1 1
github.com/ainative/go-sdk/ainative/agent_swarm.go:374.86,380.16 3 1
github.com/ainative/go-sdk/ainative/agent_swarm.go:380.16,382.3 1 1
github.com/ainative/go-sdk/ainative/agent_swarm.go:384.2,384.31 1 0
github.com/ainative/go-sdk/ainative/agent_swarm.go:388.105,389.19 1 1
github.com/ainative/go-sdk/ainative/agent_swarm.go:389.19,391.3 1 0
github.com/ainative/go-sdk/ainative/agent_swarm.go:393.2,398.16 4 1
github.com/ainative/go-sdk/ainative/agent_swarm.go:398.16,400.3 1 0
github.com/ainative/go-sdk/ainative/agent_swarm.go:402.2,402.21 1 1
github.com/ainative/go-sdk/ainative/auth.go:19.50,23.2 1 1
github.com/ainative/go-sdk/ainative/auth.go:89.93,90.16 1 1
github.com/ainative/go-sdk/ainative/auth.go:90.16,92.3 1 1
github.com/ainative/go-sdk/ainative/auth.go:94.2,94.24 1 1
github.com/ainative/go-sdk/ainative/auth.go:94.24,96.3 1 1
github.com/ainative/go-sdk/ainative/auth.go:98.2,98.24 1 1
github.com/ainative/go-sdk/ainative/auth.go:98.24,100.3 1 1
github.com/ainative/go-sdk/ainative/auth.go:102.2,105.16 3 1
github.com/ainative/go-sdk/ainative/auth.go:105.16,107.3 1 0
github.com/ainative/go-sdk/ainative/auth.go:110.2,112.21 2 1
github.com/ainative/go-sdk/ainative/auth.go:116.107,117.16 1 1
github.com/ainative/go-sdk/ainative/auth.go:117.16,119.3 1 1
github.com/ainative/go-sdk/ainative/auth.go:121.2,121.28 1 1
github.com/ainative/go-sdk/ainative/auth.go:121.28,123.3 1 1
github.com/ainative/go-sdk/ainative/auth.go:125.2,128.16 3 1
github.com/ainative/go-sdk/ainative/auth.go:128.16,130.3 1 0
github.com/ainative/go-sdk/ainative/auth.go:133.2,135.21 2 1
github.com/ainative/go-sdk/ainative/auth.go:139.75,143.16 3 1
github.com/ainative/go-sdk/ainative/auth.go:143.16,145.3 1 0
github.com/ainative/go-sdk/ainative/auth.go:147.2,147.21 1 1
github.com/ainative/go-sdk/ainative/auth.go:151.78,157.16 3 1
github.com/ainative/go-sdk/ainative/auth.go:157.16,159.3 1 0
github.com/ainative/go-sdk/ainative/auth.go:161.2,161.28 1 1
github.com/ainative/go-sdk/ainative/auth.go:165.114,166.16 1 1
github.com/ainative/go-sdk/ainative/auth.go:166.16,168.3 1 1
github.com/ainative/go-sdk/ainative/auth.go:170.2,170.20 1 1
github.com/ainative/go-sdk/ainative/auth.go:170.20,172.3 1 1
github.com/ainative/go-sdk/ainative/auth.go:174.2,177.16 3 1
github.com/ainative/go-sdk/ainative/auth.go:177.16,179.3 1 0
github.com/ainative/go-sdk/ainative/auth.go:181.2,181.21 1 1
github.com/ainative/go-sdk/ainative/auth.go:185.77,186.17 1 1
github.com/ainative/go-sdk/ainative/auth.go:186.17,188.3 1 1
github.com/ainative/go-sdk/ainative/auth.go:190.2,192.60 2 1
github.com/ainative/go-sdk/ainative/auth.go:196.93,197.17 1 1
github.com/ainative/go-sdk/ainative/auth.go:197.17,199.3 1 1
github.com/ainative/go-sdk/ainative/auth.go:201.2,206.16 4 1
github.com/ainative/go-sdk/ainative/auth.go:206.16,208.3 1 0
github.com/ainative/go-sdk/ainative/auth.go:210.2,210.21 1 1
github.com/ainative/go-sdk/ainative/auth.go:214.91,215.17 1 1
github.com/ainative/go-sdk/ainative/auth.go:215.17,217.3 1 1
github.com/ainative/go-sdk/ainative/auth.go:219.2,226.16 4 1
github.com/ainative/go-sdk/ainative/auth.go:226.16,228.3 1 0
github.com/ainative/go-sdk/ainative/auth.go:230.2,230.21 1 1
github.com/ainative/go-sdk/ainative/auth.go:234.57,236.2 1 1
github.com/ainative/go-sdk/ainative/auth.go:249.59,251.16 2 1
github.com/ainative/go-sdk/ainative/auth.go:251.16,253.3 1 1
github.com/ainative/go-sdk/ainative/auth.go:255.2,256.9 2 1
github.com/ainative/go-sdk/ainative/auth.go:256.9,258.3 1 0
github.com/ainative/go-sdk/ainative/auth.go:260.2,260.20 1 1
github.com/ainative/go-sdk/ainative/auth.go:264.52,265.18 1 1
github.com/ainative/go-sdk/ainative/auth.go:265.18,267.3 1 1
github.com/ainative/go-sdk/ainative/auth.go:270.2,272.16 3 1
github.com/ainative/go-sdk/ainative/auth.go:272.16,274.3 1 0
github.com/ainative/go-sdk/ainative/auth.go:277.2,279.51 2 1
github.com/ainative/go-sdk/ainative/auth.go:283.55,285.16 2 1
github.com/ainative/go-sdk/ainative/auth.go:285.16,287.3 1 1
github.com/ainative/go-sdk/ainative/auth.go:289.2,289.29 1 1
github.com/ainative/go-sdk/ainative/auth.go:289.29,291.3 1 0
github.com/ainative/go-sdk/ainative/auth.go:293.2,293.54 1 1
github.com/ainative/go-sdk/ainative/auth.go:297.69,299.16 2 1
github.com/ainative/go-sdk/ainative/auth.go:299.16,301.3 1 1
github.com/ainative/go-sdk/ainative/auth.go:303.2,303.29 1 1
github.com/ainative/go-sdk/ainative/auth.go:303.29,305.3 1 0
github.com/ainative/go-sdk/ainative/auth.go:307.2,307.36 1 1
github.com/ainative/go-sdk/ainative/client.go:113.49,114.19 1 1
github.com/ainative/go-sdk/ainative/client.go:114.19,116.3 1 1
github.com/ainative/go-sdk/ainative/client.go:118.2,118.25 1 1
github.com/ainative/go-sdk/ainative/client.go:118.25,120.3 1 1
github.com/ainative/go-sdk/ainative/client.go:123.2,123.26 1 1
github.com/ainative/go-sdk/ainative/client.go:123.26,125.3 1 1
github.com/ainative/go-sdk/ainative/client.go:127.2,127.25 1 1
github.com/ainative/go-sdk/ainative/client.go:127.25,129.3 1 1
github.com/ainative/go-sdk/ainative/client.go:131.2,131.27 1 1
github.com/ainative/go-sdk/ainative/client.go:131.27,133.3 1 1
github.com/ainative/go-sdk/ainative/client.go:136.2,137.16 2 1
github.com/ainative/go-sdk/ainative/client.go:137.16,139.3 1 1
github.com/ainative/go-sdk/ainative/client.go:142.2,143.30 2 1
github.com/ainative/go-sdk/ainative/client.go:143.30,145.3 1 1
github.com/ainative/go-sdk/ainative/client.go:145.8,155.3 1 1
github.com/ainative/go-sdk/ainative/client.go:157.2,168.28 3 1
github.com/ainative/go-sdk/ainative/client.go:168.28,171.3 1 1
github.com/ainative/go-sdk/ainative/client.go:171.8,173.3 1 1
github.com/ainative/go-sdk/ainative/client.go:176.2,176.33 1 1
github.com/ainative/go-sdk/ainative/client.go:176.33,178.3 1 1
github.com/ainative/go-sdk/ainative/client.go:181.2,182.24 2 1
github.com/ainative/go-sdk/ainative/client.go:182.24,190.3 1 1
github.com/ainative/go-sdk/ainative/client.go:192.2,196.61 1 1
github.com/ainative/go-sdk/ainative/client.go:196.61,198.18 1 1
github.com/ainative/go-sdk/ainative/client.go:198.18,200.5 1 1
github.com/ainative/go-sdk/ainative/client.go:203.4,203.57 1 1
github.com/ainative/go-sdk/ainative/client.go:207.2,207.18 1 1
github.com/ainative/go-sdk/ainative/client.go:207.18,209.3 1 1
github.com/ainative/go-sdk/ainative/client.go:212.2,216.19 3 1
github.com/ainative/go-sdk/ainative/client.go:216.19,218.3 1 1
github.com/ainative/go-sdk/ainative/client.go:221.2,237.20 9 1
github.com/ainative/go-sdk/ainative/client.go:241.116,247.48 3 1
github.com/ainative/go-sdk/ainative/client.go:247.48,249.3 1 0
github.com/ainative/go-sdk/ainative/client.go:252.2,255.17 2 1
github.com/ainative/go-sdk/ainative/client.go:255.17,257.3 1 1
github.com/ainative/go-sdk/ainative/client.go:260.2,260.19 1 1
github.com/ainative/go-sdk/ainative/client.go:260.19,262.3 1 1
github.com/ainative/go-sdk/ainative/client.go:265.2,272.33 5 1
github.com/ainative/go-sdk/ainative/client.go:273.13,274.28 1 1
github.com/ainative/go-sdk/ainative/client.go:275.14,276.29 1 1
github.com/ainative/go-sdk/ainative/client.go:277.13,278.28 1 0
github.com/ainative/go-sdk/ainative/client.go:279.16,280.31 1 1
github.com/ainative/go-sdk/ainative/client.go:281.15,282.30 1 0
github.com/ainative/go-sdk/ainative/client.go:283.10,284.59 1 1
github.com/ainative/go-sdk/ainative/client.go:288.2,288.16 1 1
github.com/ainative/go-sdk/ainative/client.go:288.16,290.3 1 1
github.com/ainative/go-sdk/ainative/client.go:293.2,293.30 1 1
github.com/ainative/go-sdk/ainative/client.go:293.30,294.29 1 1
github.com/ainative/go-sdk/ainative/client.go:294.29,297.4 2 1
github.com/ainative/go-sdk/ainative/client.go:300.3,304.4 1 1
github.com/ainative/go-sdk/ainative/client.go:307.2,307.12 1 1
github.com/ainative/go-sdk/ainative/client.go:311.38,313.2 1 0
github.com/ainative/go-sdk/ainative/client.go:316.49,318.21 2 1
github.com/ainative/go-sdk/ainative/client.go:318.21,320.3 1 1
github.com/ainative/go-sdk/ainative/client.go:320.8,322.3 1 1
github.com/ainative/go-sdk/ainative/client.go:326.50,328.17 2 1
github.com/ainative/go-sdk/ainative/client.go:328.17,330.3 1 1
github.com/ainative/go-sdk/ainative/client.go:330.8,332.3 1 1
github.com/ainative/go-sdk/ainative/client.go:336.71,340.16 3 1
github.com/ainative/go-sdk/ainative/client.go:340.16,342.3 1 0
github.com/ainative/go-sdk/ainative/client.go:344.2,344.21 1 1
github.com/ainative/go-sdk/ainative/embeddings.go:135.132,136.21 1 1
github.com/ainative/go-sdk/ainative/embeddings.go:136.21,138.3 1 1
github.com/ainative/go-sdk/ainative/embeddings.go:140.2,140.22 1 1
github.com/ainative/go-sdk/ainative/embeddings.go:140.22,142.3 1 1
github.com/ainative/go-sdk/ainative/embeddings.go:145.2,145.17 1 1
github.com/ainative/go-sdk/ainative/embeddings.go:145.17,147.3 1 1
github.com/ainative/go-sdk/ainative/embeddings.go:149.2,158.16 4 1
github.com/ainative/go-sdk/ainative/embeddings.go:158.16,160.3 1 1
github.com/ainative/go-sdk/ainative/embeddings.go:162.2,162.21 1 1
github.com/ainative/go-sdk/ainative/embeddings.go:206.194,207.21 1 1
github.com/ainative/go-sdk/ainative/embeddings.go:207.21,209.3 1 1
github.com/ainative/go-sdk/ainative/embeddings.go:211.2,211.21 1 1
github.com/ainative/go-sdk/ainative/embeddings.go:211.21,213.3 1 0
github.com/ainative/go-sdk/ainative/embeddings.go:215.2,215.22 1 1
github.com/ainative/go-sdk/ainative/embeddings.go:215.22,217.3 1 0
github.com/ainative/go-sdk/ainative/embeddings.go:219.2,219.60 1 1
github.com/ainative/go-sdk/ainative/embeddings.go:219.60,221.3 1 1
github.com/ainative/go-sdk/ainative/embeddings.go:224.2,224.21 1 1
github.com/ainative/go-sdk/ainative/embeddings.go:224.21,226.3 1 1
github.com/ainative/go-sdk/ainative/embeddings.go:228.2,228.17 1 1
github.com/ainative/go-sdk/ainative/embeddings.go:228.17,230.3 1 1
github.com/ainative/go-sdk/ainative/embeddings.go:232.2,243.16 4 1
github.com/ainative/go-sdk/ainative/embeddings.go:243.16,245.3 1 0
github.com/ainative/go-sdk/ainative/embeddings.go:247.2,247.21 1 1
github.com/ainative/go-sdk/ainative/embeddings.go:287.224,288.21 1 1
github.com/ainative/go-sdk/ainative/embeddings.go:288.21,290.3 1 0
github.com/ainative/go-sdk/ainative/embeddings.go:292.2,292.17 1 1
github.com/ainative/go-sdk/ainative/embeddings.go:292.17,294.3 1 1
github.com/ainative/go-sdk/ainative/embeddings.go:297.2,297.16 1 1
github.com/ainative/go-sdk/ainative/embeddings.go:297.16,299.3 1 1
github.com/ainative/go-sdk/ainative/embeddings.go:301.2,301.30 1 1
github.com/ainative/go-sdk/ainative/embeddings.go:301.30,303.3 1 1
github.com/ainative/go-sdk/ainative/embeddings.go:305.2,305.22 1 1
github.com/ainative/go-sdk/ainative/embeddings.go:305.22,307.3 1 1
github.com/ainative/go-sdk/ainative/embeddings.go:309.2,309.40 1 1
github.com/ainative/go-sdk/ainative/embeddings.go:309.40,311.3 1 1
github.com/ainative/go-sdk/ainative/embeddings.go:313.2,313.21 1 1
github.com/ainative/go-sdk/ainative/embeddings.go:313.21,315.3 1 1
github.com/ainative/go-sdk/ainative/embeddings.go:317.2,317.17 1 1
github.com/ainative/go-sdk/ainative/embeddings.go:317.17,319.3 1 1
github.com/ainative/go-sdk/ainative/embeddings.go:321.2,334.16 4 1
github.com/ainative/go-sdk/ainative/embeddings.go:334.16,336.3 1 0
github.com/ainative/go-sdk/ainative/embeddings.go:338.2,338.21 1 1
github.com/ainative/go-sdk/ainative/embeddings.go:362.87,366.16 3 1
github.com/ainative/go-sdk/ainative/embeddings.go:366.16,368.3 1 0
github.com/ainative/go-sdk/ainative/embeddings.go:370.2,370.20 1 1
github.com/ainative/go-sdk/ainative/embeddings.go:393.92,397.16 3 1
github.com/ainative/go-sdk/ainative/embeddings.go:397.16,399.3 1 0
github.com/ainative/go-sdk/ainative/embeddings.go:401.2,401.21 1 1
github.com/ainative/go-sdk/ainative/embeddings.go:425.83,429.16 3 1
github.com/ainative/go-sdk/ainative/embeddings.go:429.16,431.3 1 0
github.com/ainative/go-sdk/ainative/embeddings.go:433.2,433.21 1 1
github.com/ainative/go-sdk/ainative/errors.go:30.35,31.18 1 1
github.com/ainative/go-sdk/ainative/errors.go:31.18,33.3 1 0
github.com/ainative/go-sdk/ainative/errors.go:34.2,34.76 1 1
github.com/ainative/go-sdk/ainative/errors.go:38.49,40.2 1 0
github.com/ainative/go-sdk/ainative/errors.go:43.44,45.2 1 0
github.com/ainative/go-sdk/ainative/errors.go:48.41,50.2 1 0
github.com/ainative/go-sdk/ainative/errors.go:53.41,55.2 1 0
github.com/ainative/go-sdk/ainative/errors.go:58.39,61.2 1 0
github.com/ainative/go-sdk/ainative/errors.go:71.42,73.2 1 1
github.com/ainative/go-sdk/ainative/errors.go:82.39,83.20 1 0
github.com/ainative/go-sdk/ainative/errors.go:83.20,85.3 1 0
github.com/ainative/go-sdk/ainative/errors.go:86.2,86.52 1 0
github.com/ainative/go-sdk/ainative/errors.go:90.39,92.2 1 0
github.com/ainative/go-sdk/ainative/errors.go:101.38,103.2 1 0
github.com/ainative/go-sdk/ainative/errors.go:117.66,123.2 1 0
github.com/ainative/go-sdk/ainative/errors.go:126.84,132.2 1 1
github.com/ainative/go-sdk/ainative/errors.go:135.65,140.2 1 0
github.com/ainative/go-sdk/ainative/errors.go:143.57,148.2 1 0
github.com/ainative/go-sdk/ainative/zerodb.go:19.54,30.2 6 1
github.com/ainative/go-sdk/ainative/zerodb.go:104.100,105.16 1 1
github.com/ainative/go-sdk/ainative/zerodb.go:105.16,107.3 1 1
github.com/ainative/go-sdk/ainative/zerodb.go:109.2,109.20 1 1
github.com/ainative/go-sdk/ainative/zerodb.go:109.20,111.3 1 1
github.com/ainative/go-sdk/ainative/zerodb.go:113.2,116.16 3 1
github.com/ainative/go-sdk/ainative/zerodb.go:116.16,118.3 1 0
github.com/ainative/go-sdk/ainative/zerodb.go:120.2,120.21 1 1
github.com/ainative/go-sdk/ainative/zerodb.go:124.110,125.16 1 1
github.com/ainative/go-sdk/ainative/zerodb.go:125.16,127.3 1 0
github.com/ainative/go-sdk/ainative/zerodb.go:130.2,130.20 1 1
github.com/ainative/go-sdk/ainative/zerodb.go:130.20,132.3 1 0
github.com/ainative/go-sdk/ainative/zerodb.go:134.2,137.22 3 1
github.com/ainative/go-sdk/ainative/zerodb.go:137.22,139.3 1 0
github.com/ainative/go-sdk/ainative/zerodb.go:141.2,142.16 2 1
github.com/ainative/go-sdk/ainative/zerodb.go:142.16,144.3 1 0
github.com/ainative/go-sdk/ainative/zerodb.go:146.2,146.21 1 1
github.com/ainative/go-sdk/ainative/zerodb.go:150.88,151.21 1 1
github.com/ainative/go-sdk/ainative/zerodb.go:151.21,153.3 1 1
github.com/ainative/go-sdk/ainative/zerodb.go:155.2,160.16 4 1
github.com/ainative/go-sdk/ainative/zerodb.go:160.16,162.3 1 0
github.com/ainative/go-sdk/ainative/zerodb.go:164.2,164.21 1 1
github.com/ainative/go-sdk/ainative/zerodb.go:168.118,169.21 1 0
github.com/ainative/go-sdk/ainative/zerodb.go:169.21,171.3 1 0
github.com/ainative/go-sdk/ainative/zerodb.go:173.2,173.16 1 0
github.com/ainative/go-sdk/ainative/zerodb.go:173.16,175.3 1 0
github.com/ainative/go-sdk/ainative/zerodb.go:177.2,182.16 4 0
github.com/ainative/go-sdk/ainative/zerodb.go:182.16,184.3 1 0
github.com/ainative/go-sdk/ainative/zerodb.go:186.2,186.21 1 0
github.com/ainative/go-sdk/ainative/zerodb.go:190.95,191.21 1 0
github.com/ainative/go-sdk/ainative/zerodb.go:191.21,193.3 1 0
github.com/ainative/go-sdk/ainative/zerodb.go:195.2,201.58 3 0
github.com/ainative/go-sdk/ainative/zerodb.go:205.81,206.21 1 0
github.com/ainative/go-sdk/ainative/zerodb.go:206.21,208.3 1 0
github.com/ainative/go-sdk/ainative/zerodb.go:210.2,212.58 2 0
github.com/ainative/go-sdk/ainative/zerodb.go:216.79,217.21 1 0
github.com/ainative/go-sdk/ainative/zerodb.go:217.21,219.3 1 0
github.com/ainative/go-sdk/ainative/zerodb.go:221.2,223.60 2 0
github.com/ainative/go-sdk/ainative/zerodb.go:275.129,276.21 1 1
github.com/ainative/go-sdk/ainative/zerodb.go:276.21,278.3 1 0
github.com/ainative/go-sdk/ainative/zerodb.go:280.2,280.16 1 1
github.com/ainative/go-sdk/ainative/zerodb.go:280.16,282.3 1 0
github.com/ainative/go-sdk/ainative/zerodb.go:284.2,284.26 1 1
github.com/ainative/go-sdk/ainative/zerodb.go:284.26,286.3 1 1
github.com/ainative/go-sdk/ainative/zerodb.go:288.2,288.19 1 1
github.com/ainative/go-sdk/ainative/zerodb.go:288.19,290.3 1 1
github.com/ainative/go-sdk/ainative/zerodb.go:292.2,297.16 4 1
github.com/ainative/go-sdk/ainative/zerodb.go:297.16,299.3 1 1
github.com/ainative/go-sdk/ainative/zerodb.go:301.2,301.21 1 1
github.com/ainative/go-sdk/ainative/zerodb.go:305.131,306.21 1 1
github.com/ainative/go-sdk/ainative/zerodb.go:306.21,308.3 1 1
github.com/ainative/go-sdk/ainative/zerodb.go:310.2,310.16 1 1
github.com/ainative/go-sdk/ainative/zerodb.go:310.16,312.3 1 1
github.com/ainative/go-sdk/ainative/zerodb.go:314.2,314.27 1 1
github.com/ainative/go-sdk/ainative/zerodb.go:314.27,316.3 1 0
github.com/ainative/go-sdk/ainative/zerodb.go:318.2,323.16 4 1
github.com/ainative/go-sdk/ainative/zerodb.go:323.16,325.3 1 0
github.com/ainative/go-sdk/ainative/zerodb.go:327.2,327.21 1 1
github.com/ainative/go-sdk/ainative/zerodb.go:382.100,383.16 1 1
github.com/ainative/go-sdk/ainative/zerodb.go:383.16,385.3 1 1
github.com/ainative/go-sdk/ainative/zerodb.go:387.2,387.23 1 1
github.com/ainative/go-sdk/ainative/zerodb.go:387.23,389.3 1 1
github.com/ainative/go-sdk/ainative/zerodb.go:391.2,391.24 1 1
github.com/ainative/go-sdk/ainative/zerodb.go:391.24,393.3 1 0
github.com/ainative/go-sdk/ainative/zerodb.go:395.2,398.16 3 1
github.com/ainative/go-sdk/ainative/zerodb.go:398.16,400.3 1 0
github.com/ainative/go-sdk/ainative/zerodb.go:402.2,402.21 1 1
github.com/ainative/go-sdk/ainative/zerodb.go:406.110,407.16 1 1
github.com/ainative/go-sdk/ainative/zerodb.go:407.16,409.3 1 1
github.com/ainative/go-sdk/ainative/zerodb.go:411.2,411.21 1 1
github.com/ainative/go-sdk/ainative/zerodb.go:411.21,413.3 1 1
github.com/ainative/go-sdk/ainative/zerodb.go:415.2,415.20 1 1
github.com/ainative/go-sdk/ainative/zerodb.go:415.20,417.3 1 0
github.com/ainative/go-sdk/ainative/zerodb.go:419.2,422.16 3 1
github.com/ainative/go-sdk/ainative/zerodb.go:422.16,424.3 1 0
github.com/ainative/go-sdk/ainative/zerodb.go:426.2,426.21 1 1
